device: mps
loading data...
data loaded: 206 classes, 186478 train samples, 46623 val samples
model built: 1,088,512 parameters
epoch 1/7 starting (1456 batches)...
  epoch 1 [ 10.0%] batch 145/1456 loss=0.4807
  epoch 1 [ 19.9%] batch 290/1456 loss=0.3774
  epoch 1 [ 29.9%] batch 435/1456 loss=0.3466
  epoch 1 [ 39.8%] batch 580/1456 loss=0.3440
  epoch 1 [ 49.8%] batch 725/1456 loss=0.3243
  epoch 1 [ 59.8%] batch 870/1456 loss=0.3168
  epoch 1 [ 69.7%] batch 1015/1456 loss=0.2899
  epoch 1 [ 79.7%] batch 1160/1456 loss=0.2580
  epoch 1 [ 89.6%] batch 1305/1456 loss=0.2370
  epoch 1 [ 99.6%] batch 1450/1456 loss=0.2868
  epoch 1 [100.0%] batch 1456/1456 loss=0.2863
epoch 1: running validation...
epoch 1/7 done: loss=0.3461 roc_auc=0.9347 cmap@5=0.2395 f1=0.1546
epoch 2/7 starting (1456 batches)...
  epoch 2 [ 10.0%] batch 145/1456 loss=0.2673
  epoch 2 [ 19.9%] batch 290/1456 loss=0.2223
  epoch 2 [ 29.9%] batch 435/1456 loss=0.2157
  epoch 2 [ 39.8%] batch 580/1456 loss=0.2188
  epoch 2 [ 49.8%] batch 725/1456 loss=0.2329
  epoch 2 [ 59.8%] batch 870/1456 loss=0.2136
  epoch 2 [ 69.7%] batch 1015/1456 loss=0.2260
  epoch 2 [ 79.7%] batch 1160/1456 loss=0.2285
  epoch 2 [ 89.6%] batch 1305/1456 loss=0.2005
  epoch 2 [ 99.6%] batch 1450/1456 loss=0.2138
  epoch 2 [100.0%] batch 1456/1456 loss=0.2131
epoch 2: running validation...
epoch 2/7 done: loss=0.2338 roc_auc=0.9591 cmap@5=0.3637 f1=0.2074
epoch 3/7 starting (1456 batches)...
  epoch 3 [ 10.0%] batch 145/1456 loss=0.1686
  epoch 3 [ 19.9%] batch 290/1456 loss=0.2047
  epoch 3 [ 29.9%] batch 435/1456 loss=0.1620
  epoch 3 [ 39.8%] batch 580/1456 loss=0.1992
  epoch 3 [ 49.8%] batch 725/1456 loss=0.1812
  epoch 3 [ 59.8%] batch 870/1456 loss=0.1947
  epoch 3 [ 69.7%] batch 1015/1456 loss=0.1717
  epoch 3 [ 79.7%] batch 1160/1456 loss=0.1930
  epoch 3 [ 89.6%] batch 1305/1456 loss=0.1858
  epoch 3 [ 99.6%] batch 1450/1456 loss=0.1902
  epoch 3 [100.0%] batch 1456/1456 loss=0.2078
epoch 3: running validation...
epoch 3/7 done: loss=0.1957 roc_auc=0.9698 cmap@5=0.4426 f1=0.2385
epoch 4/7 starting (1456 batches)...
  epoch 4 [ 10.0%] batch 145/1456 loss=0.1415
  epoch 4 [ 19.9%] batch 290/1456 loss=0.1319
  epoch 4 [ 29.9%] batch 435/1456 loss=0.1724
  epoch 4 [ 39.8%] batch 580/1456 loss=0.1720
  epoch 4 [ 49.8%] batch 725/1456 loss=0.1709
  epoch 4 [ 59.8%] batch 870/1456 loss=0.1563
  epoch 4 [ 69.7%] batch 1015/1456 loss=0.1615
  epoch 4 [ 79.7%] batch 1160/1456 loss=0.2081
  epoch 4 [ 89.6%] batch 1305/1456 loss=0.1784
  epoch 4 [ 99.6%] batch 1450/1456 loss=0.1844
  epoch 4 [100.0%] batch 1456/1456 loss=0.1641
epoch 4: running validation...
epoch 4/7 done: loss=0.1687 roc_auc=0.9747 cmap@5=0.5105 f1=0.2540
epoch 5/7 starting (1456 batches)...
  epoch 5 [ 10.0%] batch 145/1456 loss=0.1595
  epoch 5 [ 19.9%] batch 290/1456 loss=0.1458
  epoch 5 [ 29.9%] batch 435/1456 loss=0.1316
  epoch 5 [ 39.8%] batch 580/1456 loss=0.1537
  epoch 5 [ 49.8%] batch 725/1456 loss=0.1693
  epoch 5 [ 59.8%] batch 870/1456 loss=0.1423
  epoch 5 [ 69.7%] batch 1015/1456 loss=0.1475
  epoch 5 [ 79.7%] batch 1160/1456 loss=0.1323
  epoch 5 [ 89.6%] batch 1305/1456 loss=0.1353
  epoch 5 [ 99.6%] batch 1450/1456 loss=0.1617
  epoch 5 [100.0%] batch 1456/1456 loss=0.1456
epoch 5: running validation...
epoch 5/7 done: loss=0.1480 roc_auc=0.9799 cmap@5=0.5692 f1=0.2800
epoch 6/7 starting (1456 batches)...
  epoch 6 [ 10.0%] batch 145/1456 loss=0.1210
  epoch 6 [ 19.9%] batch 290/1456 loss=0.1320
  epoch 6 [ 29.9%] batch 435/1456 loss=0.1174
  epoch 6 [ 39.8%] batch 580/1456 loss=0.1263
  epoch 6 [ 49.8%] batch 725/1456 loss=0.1168
  epoch 6 [ 59.8%] batch 870/1456 loss=0.1562
  epoch 6 [ 69.7%] batch 1015/1456 loss=0.1358
  epoch 6 [ 79.7%] batch 1160/1456 loss=0.1240
  epoch 6 [ 89.6%] batch 1305/1456 loss=0.1279
  epoch 6 [ 99.6%] batch 1450/1456 loss=0.1430
  epoch 6 [100.0%] batch 1456/1456 loss=0.1599
epoch 6: running validation...
epoch 6/7 done: loss=0.1320 roc_auc=0.9823 cmap@5=0.6009 f1=0.3080
epoch 7/7 starting (1456 batches)...
  epoch 7 [ 10.0%] batch 145/1456 loss=0.1712
  epoch 7 [ 19.9%] batch 290/1456 loss=0.1228
  epoch 7 [ 29.9%] batch 435/1456 loss=0.1162
  epoch 7 [ 39.8%] batch 580/1456 loss=0.1261
  epoch 7 [ 49.8%] batch 725/1456 loss=0.1008
  epoch 7 [ 59.8%] batch 870/1456 loss=0.1115
  epoch 7 [ 69.7%] batch 1015/1456 loss=0.1037
  epoch 7 [ 79.7%] batch 1160/1456 loss=0.1364
  epoch 7 [ 89.6%] batch 1305/1456 loss=0.1175
  epoch 7 [ 99.6%] batch 1450/1456 loss=0.1199
  epoch 7 [100.0%] batch 1456/1456 loss=0.1091
epoch 7: running validation...
epoch 7/7 done: loss=0.1231 roc_auc=0.9831 cmap@5=0.6152 f1=0.3232
all done: roc_auc=0.9831 cmap@5=0.6152 f1=0.3232
