/Users/dqureshi/advanced-topics-in-predictive-analytics-group/.venv/lib/python3.11/site-packages/torch/nn/modules/rnn.py:1364: UserWarning: dropout option adds dropout after all but last recurrent layer, so non-zero dropout expects num_layers greater than 1, but got dropout=0.15 and num_layers=1
  super().__init__("GRU", *args, **kwargs)
Traceback (most recent call last):
  File "/Users/dqureshi/advanced-topics-in-predictive-analytics-group/sandbox/study_20260413_203901_full_dataset_v1/exp_003/code.py", line 168, in <module>
    model(dummy_input)
  File "/Users/dqureshi/advanced-topics-in-predictive-analytics-group/.venv/lib/python3.11/site-packages/torch/nn/modules/module.py", line 1779, in _wrapped_call_impl
    return self._call_impl(*args, **kwargs)
           ^^^^^^^^^^^^^^^^^^^^^^^^^^^^^^^^
  File "/Users/dqureshi/advanced-topics-in-predictive-analytics-group/.venv/lib/python3.11/site-packages/torch/nn/modules/module.py", line 1790, in _call_impl
    return forward_call(*args, **kwargs)
           ^^^^^^^^^^^^^^^^^^^^^^^^^^^^^
  File "/Users/dqureshi/advanced-topics-in-predictive-analytics-group/sandbox/study_20260413_203901_full_dataset_v1/exp_003/code.py", line 68, in forward
    output, _ = self.gru(x) 
                ^^^^^^^^^^^
  File "/Users/dqureshi/advanced-topics-in-predictive-analytics-group/.venv/lib/python3.11/site-packages/torch/nn/modules/module.py", line 1779, in _wrapped_call_impl
    return self._call_impl(*args, **kwargs)
           ^^^^^^^^^^^^^^^^^^^^^^^^^^^^^^^^
  File "/Users/dqureshi/advanced-topics-in-predictive-analytics-group/.venv/lib/python3.11/site-packages/torch/nn/modules/module.py", line 1790, in _call_impl
    return forward_call(*args, **kwargs)
           ^^^^^^^^^^^^^^^^^^^^^^^^^^^^^
  File "/Users/dqureshi/advanced-topics-in-predictive-analytics-group/.venv/lib/python3.11/site-packages/torch/nn/modules/rnn.py", line 1411, in forward
    raise ValueError(
ValueError: GRU: Expected input to be 2D or 3D, got 4D instead
