[{"stream_name":"stdout","time":1.781734149,"data":"[lab bootstrap] staged flattened lab package from /kaggle/input/datasets/maxnoellewying/lab-agent-src\n"}
,{"stream_name":"stdout","time":1.781807573,"data":"[lab bootstrap] lab source on sys.path from /tmp/lab-staged-s170v6gt\n"}
,{"stream_name":"stdout","time":68.509936579,"data":"[lab bootstrap] AGENT_PROCESSED_DIR = /kaggle/input/datasets/maxnoellewying/birdclef-2026-preprocessed/processed\n"}
,{"stream_name":"stdout","time":79.235348279,"data":"[lab bootstrap] AGENT_DEVICE=cuda | torch.cuda.is_available=True | gpu=Tesla T4\n"}
,{"stream_name":"stdout","time":88.31334931,"data":"Downloading: \"https://download.pytorch.org/models/efficientnet_b0_rwightman-7f5810bc.pth\" to /root/.cache/torch/hub/checkpoints/efficientnet_b0_rwightman-7f5810bc.pth\n"}
,{"stream_name":"stderr","time":88.64072579,"data":"\r  0%|          | 0.00/20.5M [00:00\u003c?, ?B/s]\r 56%|█████▌    | 11.5M/20.5M [00:00\u003c00:00, 120MB/s]\r100%|██████████| 20.5M/20.5M [00:00\u003c00:00, 156MB/s]\n"}
,{"stream_name":"stdout","time":88.993884116,"data":"[skeleton] DataParallel across 2 GPUs. total BATCH_SIZE=64\n"}
,{"stream_name":"stdout","time":93.66180026,"data":"[epoch 1][batch 1/3278] loss=0.6949 running_loss=0.6949\n"}
,{"stream_name":"stdout","time":95.4340168,"data":"[epoch 1][batch 10/3278] loss=0.0433 running_loss=0.2802\n"}
,{"stream_name":"stdout","time":97.402030364,"data":"[epoch 1][batch 20/3278] loss=0.0466 running_loss=0.1690\n"}
,{"stream_name":"stdout","time":99.350592302,"data":"[epoch 1][batch 30/3278] loss=0.0341 running_loss=0.1248\n"}
,{"stream_name":"stdout","time":101.310325173,"data":"[epoch 1][batch 40/3278] loss=0.0333 running_loss=0.1017\n"}
,{"stream_name":"stdout","time":103.261163404,"data":"[epoch 1][batch 50/3278] loss=0.0296 running_loss=0.0875\n"}
,{"stream_name":"stdout","time":105.22697978,"data":"[epoch 1][batch 60/3278] loss=0.0304 running_loss=0.0780\n"}
,{"stream_name":"stdout","time":107.186490538,"data":"[epoch 1][batch 70/3278] loss=0.0308 running_loss=0.0712\n"}
,{"stream_name":"stdout","time":109.19156294,"data":"[epoch 1][batch 80/3278] loss=0.0291 running_loss=0.0660\n"}
,{"stream_name":"stdout","time":111.514427806,"data":"[epoch 1][batch 90/3278] loss=0.0302 running_loss=0.0620\n"}
,{"stream_name":"stdout","time":113.481670411,"data":"[epoch 1][batch 100/3278] loss=0.0301 running_loss=0.0588\n"}
,{"stream_name":"stdout","time":115.471754282,"data":"[epoch 1][batch 110/3278] loss=0.0295 running_loss=0.0561\n"}
,{"stream_name":"stdout","time":117.460071321,"data":"[epoch 1][batch 120/3278] loss=0.0295 running_loss=0.0539\n"}
,{"stream_name":"stdout","time":119.440539149,"data":"[epoch 1][batch 130/3278] loss=0.0295 running_loss=0.0520\n"}
,{"stream_name":"stdout","time":121.450847369,"data":"[epoch 1][batch 140/3278] loss=0.0301 running_loss=0.0504\n"}
,{"stream_name":"stdout","time":123.443949926,"data":"[epoch 1][batch 150/3278] loss=0.0296 running_loss=0.0490\n"}
,{"stream_name":"stdout","time":125.442825973,"data":"[epoch 1][batch 160/3278] loss=0.0311 running_loss=0.0478\n"}
,{"stream_name":"stdout","time":127.438537957,"data":"[epoch 1][batch 170/3278] loss=0.0296 running_loss=0.0467\n"}
,{"stream_name":"stdout","time":129.439855481,"data":"[epoch 1][batch 180/3278] loss=0.0305 running_loss=0.0458\n"}
,{"stream_name":"stdout","time":131.466089743,"data":"[epoch 1][batch 190/3278] loss=0.0284 running_loss=0.0449\n"}
,{"stream_name":"stdout","time":133.490930774,"data":"[epoch 1][batch 200/3278] loss=0.0285 running_loss=0.0441\n"}
,{"stream_name":"stdout","time":135.492213346,"data":"[epoch 1][batch 210/3278] loss=0.0288 running_loss=0.0434\n"}
,{"stream_name":"stdout","time":137.48524401,"data":"[epoch 1][batch 220/3278] loss=0.0287 running_loss=0.0427\n"}
,{"stream_name":"stdout","time":139.449659166,"data":"[epoch 1][batch 230/3278] loss=0.0284 running_loss=0.0421\n"}
,{"stream_name":"stdout","time":141.720873304,"data":"[epoch 1][batch 240/3278] loss=0.0287 running_loss=0.0416\n"}
,{"stream_name":"stdout","time":143.736578184,"data":"[epoch 1][batch 250/3278] loss=0.0295 running_loss=0.0410\n"}
,{"stream_name":"stdout","time":145.769111174,"data":"[epoch 1][batch 260/3278] loss=0.0292 running_loss=0.0406\n"}
,{"stream_name":"stdout","time":147.798345266,"data":"[epoch 1][batch 270/3278] loss=0.0289 running_loss=0.0401\n"}
,{"stream_name":"stdout","time":149.907181399,"data":"[epoch 1][batch 280/3278] loss=0.0281 running_loss=0.0397\n"}
,{"stream_name":"stdout","time":151.97578829,"data":"[epoch 1][batch 290/3278] loss=0.0263 running_loss=0.0393\n"}
,{"stream_name":"stdout","time":153.983685353,"data":"[epoch 1][batch 300/3278] loss=0.0279 running_loss=0.0389\n"}
,{"stream_name":"stdout","time":156.030785527,"data":"[epoch 1][batch 310/3278] loss=0.0281 running_loss=0.0386\n"}
,{"stream_name":"stdout","time":158.02594892,"data":"[epoch 1][batch 320/3278] loss=0.0263 running_loss=0.0382\n"}
,{"stream_name":"stdout","time":160.050349549,"data":"[epoch 1][batch 330/3278] loss=0.0282 running_loss=0.0379\n"}
,{"stream_name":"stdout","time":162.097454872,"data":"[epoch 1][batch 340/3278] loss=0.0258 running_loss=0.0376\n"}
,{"stream_name":"stdout","time":164.066588258,"data":"[epoch 1][batch 350/3278] loss=0.0263 running_loss=0.0373\n"}
,{"stream_name":"stdout","time":166.194567509,"data":"[epoch 1][batch 360/3278] loss=0.0266 running_loss=0.0370\n"}
,{"stream_name":"stdout","time":168.155163163,"data":"[epoch 1][batch 370/3278] loss=0.0269 running_loss=0.0367\n"}
,{"stream_name":"stdout","time":170.119465993,"data":"[epoch 1][batch 380/3278] loss=0.0251 running_loss=0.0365\n"}
,{"stream_name":"stdout","time":172.121618285,"data":"[epoch 1][batch 390/3278] loss=0.0254 running_loss=0.0362\n"}
,{"stream_name":"stdout","time":174.112853845,"data":"[epoch 1][batch 400/3278] loss=0.0256 running_loss=0.0360\n"}
,{"stream_name":"stdout","time":176.17816814,"data":"[epoch 1][batch 410/3278] loss=0.0260 running_loss=0.0357\n"}
,{"stream_name":"stdout","time":178.229736357,"data":"[epoch 1][batch 420/3278] loss=0.0253 running_loss=0.0355\n"}
,{"stream_name":"stdout","time":180.247529871,"data":"[epoch 1][batch 430/3278] loss=0.0257 running_loss=0.0352\n"}
,{"stream_name":"stdout","time":182.290793065,"data":"[epoch 1][batch 440/3278] loss=0.0239 running_loss=0.0350\n"}
,{"stream_name":"stdout","time":184.268763888,"data":"[epoch 1][batch 450/3278] loss=0.0234 running_loss=0.0348\n"}
,{"stream_name":"stdout","time":186.269486864,"data":"[epoch 1][batch 460/3278] loss=0.0254 running_loss=0.0346\n"}
,{"stream_name":"stdout","time":188.260130352,"data":"[epoch 1][batch 470/3278] loss=0.0244 running_loss=0.0344\n"}
,{"stream_name":"stdout","time":190.249532515,"data":"[epoch 1][batch 480/3278] loss=0.0213 running_loss=0.0341\n"}
,{"stream_name":"stdout","time":192.28170695,"data":"[epoch 1][batch 490/3278] loss=0.0255 running_loss=0.0339\n"}
,{"stream_name":"stdout","time":194.837658449,"data":"[epoch 1][batch 500/3278] loss=0.0250 running_loss=0.0337\n"}
,{"stream_name":"stdout","time":197.11925221,"data":"[epoch 1][batch 510/3278] loss=0.0230 running_loss=0.0335\n"}
,{"stream_name":"stdout","time":199.607418164,"data":"[epoch 1][batch 520/3278] loss=0.0229 running_loss=0.0333\n"}
,{"stream_name":"stdout","time":201.883472745,"data":"[epoch 1][batch 530/3278] loss=0.0216 running_loss=0.0332\n"}
,{"stream_name":"stdout","time":204.241482993,"data":"[epoch 1][batch 540/3278] loss=0.0244 running_loss=0.0330\n"}
,{"stream_name":"stdout","time":206.594733558,"data":"[epoch 1][batch 550/3278] loss=0.0238 running_loss=0.0328\n"}
,{"stream_name":"stdout","time":208.927265859,"data":"[epoch 1][batch 560/3278] loss=0.0229 running_loss=0.0326\n"}
,{"stream_name":"stdout","time":211.311979803,"data":"[epoch 1][batch 570/3278] loss=0.0230 running_loss=0.0324\n"}
,{"stream_name":"stdout","time":213.484961704,"data":"[epoch 1][batch 580/3278] loss=0.0245 running_loss=0.0323\n"}
,{"stream_name":"stdout","time":215.668135931,"data":"[epoch 1][batch 590/3278] loss=0.0222 running_loss=0.0321\n"}
,{"stream_name":"stdout","time":217.92708563,"data":"[epoch 1][batch 600/3278] loss=0.0221 running_loss=0.0319\n"}
,{"stream_name":"stdout","time":219.986727016,"data":"[epoch 1][batch 610/3278] loss=0.0204 running_loss=0.0318\n"}
,{"stream_name":"stdout","time":222.091167538,"data":"[epoch 1][batch 620/3278] loss=0.0217 running_loss=0.0316\n"}
,{"stream_name":"stdout","time":224.140245656,"data":"[epoch 1][batch 630/3278] loss=0.0225 running_loss=0.0315\n"}
,{"stream_name":"stdout","time":226.261923638,"data":"[epoch 1][batch 640/3278] loss=0.0206 running_loss=0.0313\n"}
,{"stream_name":"stdout","time":228.387108355,"data":"[epoch 1][batch 650/3278] loss=0.0221 running_loss=0.0311\n"}
,{"stream_name":"stdout","time":230.513880117,"data":"[epoch 1][batch 660/3278] loss=0.0238 running_loss=0.0310\n"}
,{"stream_name":"stdout","time":232.585504007,"data":"[epoch 1][batch 670/3278] loss=0.0218 running_loss=0.0309\n"}
,{"stream_name":"stdout","time":234.605626858,"data":"[epoch 1][batch 680/3278] loss=0.0207 running_loss=0.0307\n"}
,{"stream_name":"stdout","time":236.628119039,"data":"[epoch 1][batch 690/3278] loss=0.0201 running_loss=0.0306\n"}
,{"stream_name":"stdout","time":238.666704553,"data":"[epoch 1][batch 700/3278] loss=0.0202 running_loss=0.0304\n"}
,{"stream_name":"stdout","time":240.732172814,"data":"[epoch 1][batch 710/3278] loss=0.0207 running_loss=0.0303\n"}
,{"stream_name":"stdout","time":243.01233163,"data":"[epoch 1][batch 720/3278] loss=0.0181 running_loss=0.0301\n"}
,{"stream_name":"stdout","time":245.164130813,"data":"[epoch 1][batch 730/3278] loss=0.0228 running_loss=0.0300\n"}
,{"stream_name":"stdout","time":247.445447935,"data":"[epoch 1][batch 740/3278] loss=0.0224 running_loss=0.0299\n"}
,{"stream_name":"stdout","time":249.741819268,"data":"[epoch 1][batch 750/3278] loss=0.0210 running_loss=0.0297\n"}
,{"stream_name":"stdout","time":251.897287008,"data":"[epoch 1][batch 760/3278] loss=0.0201 running_loss=0.0296\n"}
,{"stream_name":"stdout","time":254.104320238,"data":"[epoch 1][batch 770/3278] loss=0.0203 running_loss=0.0295\n"}
,{"stream_name":"stdout","time":256.322884091,"data":"[epoch 1][batch 780/3278] loss=0.0200 running_loss=0.0294\n"}
,{"stream_name":"stdout","time":258.448771322,"data":"[epoch 1][batch 790/3278] loss=0.0210 running_loss=0.0293\n"}
,{"stream_name":"stdout","time":260.632597465,"data":"[epoch 1][batch 800/3278] loss=0.0170 running_loss=0.0291\n"}
,{"stream_name":"stdout","time":262.792092539,"data":"[epoch 1][batch 810/3278] loss=0.0198 running_loss=0.0290\n"}
,{"stream_name":"stdout","time":264.821350527,"data":"[epoch 1][batch 820/3278] loss=0.0180 running_loss=0.0289\n"}
,{"stream_name":"stdout","time":267.14594193,"data":"[epoch 1][batch 830/3278] loss=0.0175 running_loss=0.0288\n"}
,{"stream_name":"stdout","time":269.457038964,"data":"[epoch 1][batch 840/3278] loss=0.0205 running_loss=0.0287\n"}
,{"stream_name":"stdout","time":271.612918571,"data":"[epoch 1][batch 850/3278] loss=0.0194 running_loss=0.0285\n"}
,{"stream_name":"stdout","time":273.638424716,"data":"[epoch 1][batch 860/3278] loss=0.0199 running_loss=0.0284\n"}
,{"stream_name":"stdout","time":275.824274943,"data":"[epoch 1][batch 870/3278] loss=0.0186 running_loss=0.0283\n"}
,{"stream_name":"stdout","time":277.877411934,"data":"[epoch 1][batch 880/3278] loss=0.0208 running_loss=0.0282\n"}
,{"stream_name":"stdout","time":280.036125486,"data":"[epoch 1][batch 890/3278] loss=0.0181 running_loss=0.0281\n"}
,{"stream_name":"stdout","time":282.313759299,"data":"[epoch 1][batch 900/3278] loss=0.0181 running_loss=0.0280\n"}
,{"stream_name":"stdout","time":284.352218254,"data":"[epoch 1][batch 910/3278] loss=0.0183 running_loss=0.0279\n"}
,{"stream_name":"stdout","time":286.400689894,"data":"[epoch 1][batch 920/3278] loss=0.0219 running_loss=0.0278\n"}
,{"stream_name":"stdout","time":288.474750712,"data":"[epoch 1][batch 930/3278] loss=0.0187 running_loss=0.0277\n"}
,{"stream_name":"stdout","time":290.587893073,"data":"[epoch 1][batch 940/3278] loss=0.0180 running_loss=0.0276\n"}
,{"stream_name":"stdout","time":292.693858586,"data":"[epoch 1][batch 950/3278] loss=0.0149 running_loss=0.0275\n"}
,{"stream_name":"stdout","time":294.743231232,"data":"[epoch 1][batch 960/3278] loss=0.0172 running_loss=0.0274\n"}
,{"stream_name":"stdout","time":296.860217526,"data":"[epoch 1][batch 970/3278] loss=0.0178 running_loss=0.0273\n"}
,{"stream_name":"stdout","time":298.930776962,"data":"[epoch 1][batch 980/3278] loss=0.0183 running_loss=0.0272\n"}
,{"stream_name":"stdout","time":301.104369411,"data":"[epoch 1][batch 990/3278] loss=0.0195 running_loss=0.0271\n"}
,{"stream_name":"stdout","time":303.16565685,"data":"[epoch 1][batch 1000/3278] loss=0.0193 running_loss=0.0270\n"}
,{"stream_name":"stdout","time":305.282588007,"data":"[epoch 1][batch 1010/3278] loss=0.0181 running_loss=0.0270\n"}
,{"stream_name":"stdout","time":307.703586793,"data":"[epoch 1][batch 1020/3278] loss=0.0174 running_loss=0.0269\n"}
,{"stream_name":"stdout","time":309.835611459,"data":"[epoch 1][batch 1030/3278] loss=0.0162 running_loss=0.0268\n"}
,{"stream_name":"stdout","time":312.176091496,"data":"[epoch 1][batch 1040/3278] loss=0.0174 running_loss=0.0267\n"}
,{"stream_name":"stdout","time":314.368872334,"data":"[epoch 1][batch 1050/3278] loss=0.0203 running_loss=0.0266\n"}
,{"stream_name":"stdout","time":316.464332178,"data":"[epoch 1][batch 1060/3278] loss=0.0192 running_loss=0.0265\n"}
,{"stream_name":"stdout","time":319.018049942,"data":"[epoch 1][batch 1070/3278] loss=0.0188 running_loss=0.0264\n"}
,{"stream_name":"stdout","time":321.199882395,"data":"[epoch 1][batch 1080/3278] loss=0.0158 running_loss=0.0263\n"}
,{"stream_name":"stdout","time":323.248861736,"data":"[epoch 1][batch 1090/3278] loss=0.0154 running_loss=0.0262\n"}
,{"stream_name":"stdout","time":325.361779798,"data":"[epoch 1][batch 1100/3278] loss=0.0175 running_loss=0.0262\n"}
,{"stream_name":"stdout","time":327.482033682,"data":"[epoch 1][batch 1110/3278] loss=0.0158 running_loss=0.0261\n"}
,{"stream_name":"stdout","time":329.686212039,"data":"[epoch 1][batch 1120/3278] loss=0.0171 running_loss=0.0260\n"}
,{"stream_name":"stdout","time":331.789244384,"data":"[epoch 1][batch 1130/3278] loss=0.0171 running_loss=0.0259\n"}
,{"stream_name":"stdout","time":333.851304255,"data":"[epoch 1][batch 1140/3278] loss=0.0159 running_loss=0.0258\n"}
,{"stream_name":"stdout","time":335.924953801,"data":"[epoch 1][batch 1150/3278] loss=0.0196 running_loss=0.0258\n"}
,{"stream_name":"stdout","time":337.988330517,"data":"[epoch 1][batch 1160/3278] loss=0.0162 running_loss=0.0257\n"}
,{"stream_name":"stdout","time":340.08365335,"data":"[epoch 1][batch 1170/3278] loss=0.0173 running_loss=0.0256\n"}
,{"stream_name":"stdout","time":342.498002594,"data":"[epoch 1][batch 1180/3278] loss=0.0165 running_loss=0.0255\n"}
,{"stream_name":"stdout","time":345.009517528,"data":"[epoch 1][batch 1190/3278] loss=0.0176 running_loss=0.0255\n"}
,{"stream_name":"stdout","time":347.082658192,"data":"[epoch 1][batch 1200/3278] loss=0.0157 running_loss=0.0254\n"}
,{"stream_name":"stdout","time":349.107259305,"data":"[epoch 1][batch 1210/3278] loss=0.0167 running_loss=0.0253\n"}
,{"stream_name":"stdout","time":351.287740625,"data":"[epoch 1][batch 1220/3278] loss=0.0192 running_loss=0.0252\n"}
,{"stream_name":"stdout","time":353.40721946,"data":"[epoch 1][batch 1230/3278] loss=0.0155 running_loss=0.0252\n"}
,{"stream_name":"stdout","time":355.689368948,"data":"[epoch 1][batch 1240/3278] loss=0.0172 running_loss=0.0251\n"}
,{"stream_name":"stdout","time":357.824329721,"data":"[epoch 1][batch 1250/3278] loss=0.0153 running_loss=0.0250\n"}
,{"stream_name":"stdout","time":359.868833235,"data":"[epoch 1][batch 1260/3278] loss=0.0172 running_loss=0.0249\n"}
,{"stream_name":"stdout","time":361.907966821,"data":"[epoch 1][batch 1270/3278] loss=0.0165 running_loss=0.0249\n"}
,{"stream_name":"stdout","time":363.93444349,"data":"[epoch 1][batch 1280/3278] loss=0.0173 running_loss=0.0248\n"}
,{"stream_name":"stdout","time":366.392373234,"data":"[epoch 1][batch 1290/3278] loss=0.0188 running_loss=0.0247\n"}
,{"stream_name":"stdout","time":368.501916423,"data":"[epoch 1][batch 1300/3278] loss=0.0176 running_loss=0.0247\n"}
,{"stream_name":"stdout","time":370.676811976,"data":"[epoch 1][batch 1310/3278] loss=0.0160 running_loss=0.0246\n"}
,{"stream_name":"stdout","time":372.739998981,"data":"[epoch 1][batch 1320/3278] loss=0.0173 running_loss=0.0245\n"}
,{"stream_name":"stdout","time":374.77406746,"data":"[epoch 1][batch 1330/3278] loss=0.0126 running_loss=0.0245\n"}
,{"stream_name":"stdout","time":376.877783709,"data":"[epoch 1][batch 1340/3278] loss=0.0155 running_loss=0.0244\n"}
,{"stream_name":"stdout","time":378.944226285,"data":"[epoch 1][batch 1350/3278] loss=0.0141 running_loss=0.0243\n"}
,{"stream_name":"stdout","time":380.978223745,"data":"[epoch 1][batch 1360/3278] loss=0.0130 running_loss=0.0243\n"}
,{"stream_name":"stdout","time":383.064529904,"data":"[epoch 1][batch 1370/3278] loss=0.0147 running_loss=0.0242\n"}
,{"stream_name":"stdout","time":385.076327677,"data":"[epoch 1][batch 1380/3278] loss=0.0144 running_loss=0.0241\n"}
,{"stream_name":"stdout","time":387.139101735,"data":"[epoch 1][batch 1390/3278] loss=0.0121 running_loss=0.0241\n"}
,{"stream_name":"stdout","time":389.196665636,"data":"[epoch 1][batch 1400/3278] loss=0.0166 running_loss=0.0240\n"}
,{"stream_name":"stdout","time":391.224838745,"data":"[epoch 1][batch 1410/3278] loss=0.0154 running_loss=0.0240\n"}
,{"stream_name":"stdout","time":393.480206869,"data":"[epoch 1][batch 1420/3278] loss=0.0178 running_loss=0.0239\n"}
,{"stream_name":"stdout","time":395.513785054,"data":"[epoch 1][batch 1430/3278] loss=0.0143 running_loss=0.0238\n"}
,{"stream_name":"stdout","time":397.568914962,"data":"[epoch 1][batch 1440/3278] loss=0.0171 running_loss=0.0238\n"}
,{"stream_name":"stdout","time":399.613003773,"data":"[epoch 1][batch 1450/3278] loss=0.0127 running_loss=0.0237\n"}
,{"stream_name":"stdout","time":401.712414804,"data":"[epoch 1][batch 1460/3278] loss=0.0147 running_loss=0.0237\n"}
,{"stream_name":"stdout","time":403.769619316,"data":"[epoch 1][batch 1470/3278] loss=0.0164 running_loss=0.0236\n"}
,{"stream_name":"stdout","time":405.80290662,"data":"[epoch 1][batch 1480/3278] loss=0.0166 running_loss=0.0236\n"}
,{"stream_name":"stdout","time":407.856266159,"data":"[epoch 1][batch 1490/3278] loss=0.0140 running_loss=0.0235\n"}
,{"stream_name":"stdout","time":409.939578155,"data":"[epoch 1][batch 1500/3278] loss=0.0142 running_loss=0.0234\n"}
,{"stream_name":"stdout","time":412.026689378,"data":"[epoch 1][batch 1510/3278] loss=0.0153 running_loss=0.0234\n"}
,{"stream_name":"stdout","time":414.127270108,"data":"[epoch 1][batch 1520/3278] loss=0.0180 running_loss=0.0233\n"}
,{"stream_name":"stdout","time":416.189466545,"data":"[epoch 1][batch 1530/3278] loss=0.0142 running_loss=0.0233\n"}
,{"stream_name":"stdout","time":418.227537049,"data":"[epoch 1][batch 1540/3278] loss=0.0171 running_loss=0.0232\n"}
,{"stream_name":"stdout","time":420.293154592,"data":"[epoch 1][batch 1550/3278] loss=0.0126 running_loss=0.0232\n"}
,{"stream_name":"stdout","time":422.37175468,"data":"[epoch 1][batch 1560/3278] loss=0.0155 running_loss=0.0231\n"}
,{"stream_name":"stdout","time":424.641840295,"data":"[epoch 1][batch 1570/3278] loss=0.0132 running_loss=0.0231\n"}
,{"stream_name":"stdout","time":426.764443181,"data":"[epoch 1][batch 1580/3278] loss=0.0147 running_loss=0.0230\n"}
,{"stream_name":"stdout","time":428.820433394,"data":"[epoch 1][batch 1590/3278] loss=0.0138 running_loss=0.0230\n"}
,{"stream_name":"stdout","time":430.930797549,"data":"[epoch 1][batch 1600/3278] loss=0.0159 running_loss=0.0229\n"}
,{"stream_name":"stdout","time":432.970531879,"data":"[epoch 1][batch 1610/3278] loss=0.0128 running_loss=0.0229\n"}
,{"stream_name":"stdout","time":435.049980504,"data":"[epoch 1][batch 1620/3278] loss=0.0146 running_loss=0.0228\n"}
,{"stream_name":"stdout","time":437.091570326,"data":"[epoch 1][batch 1630/3278] loss=0.0153 running_loss=0.0228\n"}
,{"stream_name":"stdout","time":439.151587403,"data":"[epoch 1][batch 1640/3278] loss=0.0177 running_loss=0.0227\n"}
,{"stream_name":"stdout","time":441.203272658,"data":"[epoch 1][batch 1650/3278] loss=0.0164 running_loss=0.0227\n"}
,{"stream_name":"stdout","time":443.244706167,"data":"[epoch 1][batch 1660/3278] loss=0.0171 running_loss=0.0226\n"}
,{"stream_name":"stdout","time":445.277065627,"data":"[epoch 1][batch 1670/3278] loss=0.0149 running_loss=0.0226\n"}
,{"stream_name":"stdout","time":447.325087979,"data":"[epoch 1][batch 1680/3278] loss=0.0153 running_loss=0.0225\n"}
,{"stream_name":"stdout","time":449.468693742,"data":"[epoch 1][batch 1690/3278] loss=0.0151 running_loss=0.0225\n"}
,{"stream_name":"stdout","time":451.542008133,"data":"[epoch 1][batch 1700/3278] loss=0.0101 running_loss=0.0224\n"}
,{"stream_name":"stdout","time":453.596198202,"data":"[epoch 1][batch 1710/3278] loss=0.0143 running_loss=0.0224\n"}
,{"stream_name":"stdout","time":455.686972714,"data":"[epoch 1][batch 1720/3278] loss=0.0146 running_loss=0.0223\n"}
,{"stream_name":"stdout","time":457.738621544,"data":"[epoch 1][batch 1730/3278] loss=0.0132 running_loss=0.0223\n"}
,{"stream_name":"stdout","time":459.773485051,"data":"[epoch 1][batch 1740/3278] loss=0.0171 running_loss=0.0223\n"}
,{"stream_name":"stdout","time":461.806259433,"data":"[epoch 1][batch 1750/3278] loss=0.0117 running_loss=0.0222\n"}
,{"stream_name":"stdout","time":463.896618312,"data":"[epoch 1][batch 1760/3278] loss=0.0107 running_loss=0.0222\n"}
,{"stream_name":"stdout","time":465.935176005,"data":"[epoch 1][batch 1770/3278] loss=0.0145 running_loss=0.0221\n"}
,{"stream_name":"stdout","time":467.998868603,"data":"[epoch 1][batch 1780/3278] loss=0.0138 running_loss=0.0221\n"}
,{"stream_name":"stdout","time":470.081650175,"data":"[epoch 1][batch 1790/3278] loss=0.0123 running_loss=0.0220\n"}
,{"stream_name":"stdout","time":472.161518275,"data":"[epoch 1][batch 1800/3278] loss=0.0143 running_loss=0.0220\n"}
,{"stream_name":"stdout","time":474.218989124,"data":"[epoch 1][batch 1810/3278] loss=0.0130 running_loss=0.0219\n"}
,{"stream_name":"stdout","time":476.255084734,"data":"[epoch 1][batch 1820/3278] loss=0.0151 running_loss=0.0219\n"}
,{"stream_name":"stdout","time":478.273896183,"data":"[epoch 1][batch 1830/3278] loss=0.0148 running_loss=0.0218\n"}
,{"stream_name":"stdout","time":480.320288067,"data":"[epoch 1][batch 1840/3278] loss=0.0104 running_loss=0.0218\n"}
,{"stream_name":"stdout","time":482.372664856,"data":"[epoch 1][batch 1850/3278] loss=0.0136 running_loss=0.0218\n"}
,{"stream_name":"stdout","time":484.436695728,"data":"[epoch 1][batch 1860/3278] loss=0.0127 running_loss=0.0217\n"}
,{"stream_name":"stdout","time":486.494360039,"data":"[epoch 1][batch 1870/3278] loss=0.0138 running_loss=0.0217\n"}
,{"stream_name":"stdout","time":488.59166205,"data":"[epoch 1][batch 1880/3278] loss=0.0160 running_loss=0.0216\n"}
,{"stream_name":"stdout","time":490.692930301,"data":"[epoch 1][batch 1890/3278] loss=0.0131 running_loss=0.0216\n"}
,{"stream_name":"stdout","time":492.996653956,"data":"[epoch 1][batch 1900/3278] loss=0.0152 running_loss=0.0215\n"}
,{"stream_name":"stdout","time":495.05146132,"data":"[epoch 1][batch 1910/3278] loss=0.0134 running_loss=0.0215\n"}
,{"stream_name":"stdout","time":497.163369285,"data":"[epoch 1][batch 1920/3278] loss=0.0122 running_loss=0.0215\n"}
,{"stream_name":"stdout","time":499.241177047,"data":"[epoch 1][batch 1930/3278] loss=0.0140 running_loss=0.0214\n"}
,{"stream_name":"stdout","time":501.326543006,"data":"[epoch 1][batch 1940/3278] loss=0.0137 running_loss=0.0214\n"}
,{"stream_name":"stdout","time":503.414839826,"data":"[epoch 1][batch 1950/3278] loss=0.0143 running_loss=0.0213\n"}
,{"stream_name":"stdout","time":505.439107535,"data":"[epoch 1][batch 1960/3278] loss=0.0118 running_loss=0.0213\n"}
,{"stream_name":"stdout","time":507.478700563,"data":"[epoch 1][batch 1970/3278] loss=0.0162 running_loss=0.0213\n"}
,{"stream_name":"stdout","time":509.550374947,"data":"[epoch 1][batch 1980/3278] loss=0.0130 running_loss=0.0212\n"}
,{"stream_name":"stdout","time":511.606830512,"data":"[epoch 1][batch 1990/3278] loss=0.0129 running_loss=0.0212\n"}
,{"stream_name":"stdout","time":513.665046323,"data":"[epoch 1][batch 2000/3278] loss=0.0122 running_loss=0.0212\n"}
,{"stream_name":"stdout","time":515.709029924,"data":"[epoch 1][batch 2010/3278] loss=0.0132 running_loss=0.0211\n"}
,{"stream_name":"stdout","time":517.755052078,"data":"[epoch 1][batch 2020/3278] loss=0.0140 running_loss=0.0211\n"}
,{"stream_name":"stdout","time":519.799230495,"data":"[epoch 1][batch 2030/3278] loss=0.0153 running_loss=0.0211\n"}
,{"stream_name":"stdout","time":521.896424912,"data":"[epoch 1][batch 2040/3278] loss=0.0142 running_loss=0.0210\n"}
,{"stream_name":"stdout","time":523.918182417,"data":"[epoch 1][batch 2050/3278] loss=0.0140 running_loss=0.0210\n"}
,{"stream_name":"stdout","time":525.930728572,"data":"[epoch 1][batch 2060/3278] loss=0.0118 running_loss=0.0209\n"}
,{"stream_name":"stdout","time":527.940077122,"data":"[epoch 1][batch 2070/3278] loss=0.0134 running_loss=0.0209\n"}
,{"stream_name":"stdout","time":529.981311283,"data":"[epoch 1][batch 2080/3278] loss=0.0138 running_loss=0.0209\n"}
,{"stream_name":"stdout","time":532.288546416,"data":"[epoch 1][batch 2090/3278] loss=0.0098 running_loss=0.0208\n"}
,{"stream_name":"stdout","time":534.3248789,"data":"[epoch 1][batch 2100/3278] loss=0.0149 running_loss=0.0208\n"}
,{"stream_name":"stdout","time":536.37322417,"data":"[epoch 1][batch 2110/3278] loss=0.0163 running_loss=0.0208\n"}
,{"stream_name":"stdout","time":538.432266391,"data":"[epoch 1][batch 2120/3278] loss=0.0130 running_loss=0.0207\n"}
,{"stream_name":"stdout","time":540.498846428,"data":"[epoch 1][batch 2130/3278] loss=0.0119 running_loss=0.0207\n"}
,{"stream_name":"stdout","time":542.528397182,"data":"[epoch 1][batch 2140/3278] loss=0.0128 running_loss=0.0207\n"}
,{"stream_name":"stdout","time":544.56168241,"data":"[epoch 1][batch 2150/3278] loss=0.0142 running_loss=0.0206\n"}
,{"stream_name":"stdout","time":546.676689562,"data":"[epoch 1][batch 2160/3278] loss=0.0129 running_loss=0.0206\n"}
,{"stream_name":"stdout","time":548.786322978,"data":"[epoch 1][batch 2170/3278] loss=0.0141 running_loss=0.0205\n"}
,{"stream_name":"stdout","time":550.933644462,"data":"[epoch 1][batch 2180/3278] loss=0.0137 running_loss=0.0205\n"}
,{"stream_name":"stdout","time":553.003922473,"data":"[epoch 1][batch 2190/3278] loss=0.0189 running_loss=0.0205\n"}
,{"stream_name":"stdout","time":555.034328306,"data":"[epoch 1][batch 2200/3278] loss=0.0156 running_loss=0.0205\n"}
,{"stream_name":"stdout","time":557.118828952,"data":"[epoch 1][batch 2210/3278] loss=0.0120 running_loss=0.0204\n"}
,{"stream_name":"stdout","time":559.249878243,"data":"[epoch 1][batch 2220/3278] loss=0.0134 running_loss=0.0204\n"}
,{"stream_name":"stdout","time":561.628491326,"data":"[epoch 1][batch 2230/3278] loss=0.0143 running_loss=0.0204\n"}
,{"stream_name":"stdout","time":563.678757201,"data":"[epoch 1][batch 2240/3278] loss=0.0142 running_loss=0.0203\n"}
,{"stream_name":"stdout","time":565.688344708,"data":"[epoch 1][batch 2250/3278] loss=0.0152 running_loss=0.0203\n"}
,{"stream_name":"stdout","time":567.744501255,"data":"[epoch 1][batch 2260/3278] loss=0.0132 running_loss=0.0203\n"}
,{"stream_name":"stdout","time":569.839693862,"data":"[epoch 1][batch 2270/3278] loss=0.0137 running_loss=0.0202\n"}
,{"stream_name":"stdout","time":572.033632487,"data":"[epoch 1][batch 2280/3278] loss=0.0108 running_loss=0.0202\n"}
,{"stream_name":"stdout","time":574.171924264,"data":"[epoch 1][batch 2290/3278] loss=0.0123 running_loss=0.0202\n"}
,{"stream_name":"stdout","time":576.25913004,"data":"[epoch 1][batch 2300/3278] loss=0.0148 running_loss=0.0201\n"}
,{"stream_name":"stdout","time":578.387111427,"data":"[epoch 1][batch 2310/3278] loss=0.0143 running_loss=0.0201\n"}
,{"stream_name":"stdout","time":580.576162895,"data":"[epoch 1][batch 2320/3278] loss=0.0120 running_loss=0.0201\n"}
,{"stream_name":"stdout","time":582.637935717,"data":"[epoch 1][batch 2330/3278] loss=0.0109 running_loss=0.0200\n"}
,{"stream_name":"stdout","time":584.798705607,"data":"[epoch 1][batch 2340/3278] loss=0.0140 running_loss=0.0200\n"}
,{"stream_name":"stdout","time":587.070126579,"data":"[epoch 1][batch 2350/3278] loss=0.0167 running_loss=0.0200\n"}
,{"stream_name":"stdout","time":589.120750348,"data":"[epoch 1][batch 2360/3278] loss=0.0144 running_loss=0.0199\n"}
,{"stream_name":"stdout","time":591.144362249,"data":"[epoch 1][batch 2370/3278] loss=0.0150 running_loss=0.0199\n"}
,{"stream_name":"stdout","time":593.265941243,"data":"[epoch 1][batch 2380/3278] loss=0.0146 running_loss=0.0199\n"}
,{"stream_name":"stdout","time":595.324667373,"data":"[epoch 1][batch 2390/3278] loss=0.0132 running_loss=0.0198\n"}
,{"stream_name":"stdout","time":597.466413497,"data":"[epoch 1][batch 2400/3278] loss=0.0079 running_loss=0.0198\n"}
,{"stream_name":"stdout","time":599.53476604,"data":"[epoch 1][batch 2410/3278] loss=0.0110 running_loss=0.0198\n"}
,{"stream_name":"stdout","time":601.733723762,"data":"[epoch 1][batch 2420/3278] loss=0.0143 running_loss=0.0198\n"}
,{"stream_name":"stdout","time":603.923467663,"data":"[epoch 1][batch 2430/3278] loss=0.0169 running_loss=0.0197\n"}
,{"stream_name":"stdout","time":606.108194988,"data":"[epoch 1][batch 2440/3278] loss=0.0110 running_loss=0.0197\n"}
,{"stream_name":"stdout","time":608.133704504,"data":"[epoch 1][batch 2450/3278] loss=0.0119 running_loss=0.0197\n"}
,{"stream_name":"stdout","time":610.251232153,"data":"[epoch 1][batch 2460/3278] loss=0.0115 running_loss=0.0196\n"}
,{"stream_name":"stdout","time":612.416691481,"data":"[epoch 1][batch 2470/3278] loss=0.0137 running_loss=0.0196\n"}
,{"stream_name":"stdout","time":614.548955578,"data":"[epoch 1][batch 2480/3278] loss=0.0093 running_loss=0.0196\n"}
,{"stream_name":"stdout","time":616.856515262,"data":"[epoch 1][batch 2490/3278] loss=0.0141 running_loss=0.0196\n"}
,{"stream_name":"stdout","time":619.095148084,"data":"[epoch 1][batch 2500/3278] loss=0.0141 running_loss=0.0195\n"}
,{"stream_name":"stdout","time":621.221742193,"data":"[epoch 1][batch 2510/3278] loss=0.0125 running_loss=0.0195\n"}
,{"stream_name":"stdout","time":623.29529071,"data":"[epoch 1][batch 2520/3278] loss=0.0129 running_loss=0.0195\n"}
,{"stream_name":"stdout","time":625.302954621,"data":"[epoch 1][batch 2530/3278] loss=0.0124 running_loss=0.0194\n"}
,{"stream_name":"stdout","time":627.364746606,"data":"[epoch 1][batch 2540/3278] loss=0.0100 running_loss=0.0194\n"}
,{"stream_name":"stdout","time":629.382424623,"data":"[epoch 1][batch 2550/3278] loss=0.0139 running_loss=0.0194\n"}
,{"stream_name":"stdout","time":631.421209089,"data":"[epoch 1][batch 2560/3278] loss=0.0179 running_loss=0.0194\n"}
,{"stream_name":"stdout","time":633.635362617,"data":"[epoch 1][batch 2570/3278] loss=0.0112 running_loss=0.0193\n"}
,{"stream_name":"stdout","time":635.709959671,"data":"[epoch 1][batch 2580/3278] loss=0.0121 running_loss=0.0193\n"}
,{"stream_name":"stdout","time":637.71932163,"data":"[epoch 1][batch 2590/3278] loss=0.0124 running_loss=0.0193\n"}
,{"stream_name":"stdout","time":639.773956332,"data":"[epoch 1][batch 2600/3278] loss=0.0104 running_loss=0.0193\n"}
,{"stream_name":"stdout","time":641.820358873,"data":"[epoch 1][batch 2610/3278] loss=0.0107 running_loss=0.0192\n"}
,{"stream_name":"stdout","time":643.850561449,"data":"[epoch 1][batch 2620/3278] loss=0.0122 running_loss=0.0192\n"}
,{"stream_name":"stdout","time":645.896949644,"data":"[epoch 1][batch 2630/3278] loss=0.0125 running_loss=0.0192\n"}
,{"stream_name":"stdout","time":647.920051926,"data":"[epoch 1][batch 2640/3278] loss=0.0131 running_loss=0.0192\n"}
,{"stream_name":"stdout","time":649.947682101,"data":"[epoch 1][batch 2650/3278] loss=0.0127 running_loss=0.0191\n"}
,{"stream_name":"stdout","time":651.974537905,"data":"[epoch 1][batch 2660/3278] loss=0.0128 running_loss=0.0191\n"}
,{"stream_name":"stdout","time":654.036655185,"data":"[epoch 1][batch 2670/3278] loss=0.0135 running_loss=0.0191\n"}
,{"stream_name":"stdout","time":656.071377214,"data":"[epoch 1][batch 2680/3278] loss=0.0113 running_loss=0.0191\n"}
,{"stream_name":"stdout","time":658.122244237,"data":"[epoch 1][batch 2690/3278] loss=0.0099 running_loss=0.0190\n"}
,{"stream_name":"stdout","time":660.191122672,"data":"[epoch 1][batch 2700/3278] loss=0.0104 running_loss=0.0190\n"}
,{"stream_name":"stdout","time":662.293764894,"data":"[epoch 1][batch 2710/3278] loss=0.0182 running_loss=0.0190\n"}
,{"stream_name":"stdout","time":664.343668354,"data":"[epoch 1][batch 2720/3278] loss=0.0099 running_loss=0.0190\n"}
,{"stream_name":"stdout","time":666.412378507,"data":"[epoch 1][batch 2730/3278] loss=0.0139 running_loss=0.0189\n"}
,{"stream_name":"stdout","time":668.453362099,"data":"[epoch 1][batch 2740/3278] loss=0.0154 running_loss=0.0189\n"}
,{"stream_name":"stdout","time":670.696773666,"data":"[epoch 1][batch 2750/3278] loss=0.0108 running_loss=0.0189\n"}
,{"stream_name":"stdout","time":672.767318293,"data":"[epoch 1][batch 2760/3278] loss=0.0110 running_loss=0.0189\n"}
,{"stream_name":"stdout","time":674.808025826,"data":"[epoch 1][batch 2770/3278] loss=0.0118 running_loss=0.0188\n"}
,{"stream_name":"stdout","time":676.884749547,"data":"[epoch 1][batch 2780/3278] loss=0.0114 running_loss=0.0188\n"}
,{"stream_name":"stdout","time":678.914531709,"data":"[epoch 1][batch 2790/3278] loss=0.0155 running_loss=0.0188\n"}
,{"stream_name":"stdout","time":680.991834002,"data":"[epoch 1][batch 2800/3278] loss=0.0125 running_loss=0.0188\n"}
,{"stream_name":"stdout","time":683.031094058,"data":"[epoch 1][batch 2810/3278] loss=0.0099 running_loss=0.0187\n"}
,{"stream_name":"stdout","time":685.088195304,"data":"[epoch 1][batch 2820/3278] loss=0.0138 running_loss=0.0187\n"}
,{"stream_name":"stdout","time":687.114286587,"data":"[epoch 1][batch 2830/3278] loss=0.0130 running_loss=0.0187\n"}
,{"stream_name":"stdout","time":689.165984207,"data":"[epoch 1][batch 2840/3278] loss=0.0088 running_loss=0.0187\n"}
,{"stream_name":"stdout","time":691.206459566,"data":"[epoch 1][batch 2850/3278] loss=0.0107 running_loss=0.0186\n"}
,{"stream_name":"stdout","time":693.30696776,"data":"[epoch 1][batch 2860/3278] loss=0.0099 running_loss=0.0186\n"}
,{"stream_name":"stdout","time":695.381084426,"data":"[epoch 1][batch 2870/3278] loss=0.0135 running_loss=0.0186\n"}
,{"stream_name":"stdout","time":697.471139033,"data":"[epoch 1][batch 2880/3278] loss=0.0127 running_loss=0.0186\n"}
,{"stream_name":"stdout","time":699.521033867,"data":"[epoch 1][batch 2890/3278] loss=0.0137 running_loss=0.0185\n"}
,{"stream_name":"stdout","time":701.757902642,"data":"[epoch 1][batch 2900/3278] loss=0.0119 running_loss=0.0185\n"}
,{"stream_name":"stdout","time":703.818234805,"data":"[epoch 1][batch 2910/3278] loss=0.0110 running_loss=0.0185\n"}
,{"stream_name":"stdout","time":705.86993558,"data":"[epoch 1][batch 2920/3278] loss=0.0137 running_loss=0.0185\n"}
,{"stream_name":"stdout","time":707.94206095,"data":"[epoch 1][batch 2930/3278] loss=0.0138 running_loss=0.0185\n"}
,{"stream_name":"stdout","time":710.014208865,"data":"[epoch 1][batch 2940/3278] loss=0.0125 running_loss=0.0184\n"}
,{"stream_name":"stdout","time":712.141073142,"data":"[epoch 1][batch 2950/3278] loss=0.0149 running_loss=0.0184\n"}
,{"stream_name":"stdout","time":714.250082971,"data":"[epoch 1][batch 2960/3278] loss=0.0133 running_loss=0.0184\n"}
,{"stream_name":"stdout","time":716.354871548,"data":"[epoch 1][batch 2970/3278] loss=0.0116 running_loss=0.0184\n"}
,{"stream_name":"stdout","time":718.410922687,"data":"[epoch 1][batch 2980/3278] loss=0.0100 running_loss=0.0183\n"}
,{"stream_name":"stdout","time":720.479726657,"data":"[epoch 1][batch 2990/3278] loss=0.0150 running_loss=0.0183\n"}
,{"stream_name":"stdout","time":722.543288419,"data":"[epoch 1][batch 3000/3278] loss=0.0137 running_loss=0.0183\n"}
,{"stream_name":"stdout","time":724.561334562,"data":"[epoch 1][batch 3010/3278] loss=0.0139 running_loss=0.0183\n"}
,{"stream_name":"stdout","time":726.732031115,"data":"[epoch 1][batch 3020/3278] loss=0.0131 running_loss=0.0183\n"}
,{"stream_name":"stdout","time":728.779994998,"data":"[epoch 1][batch 3030/3278] loss=0.0105 running_loss=0.0182\n"}
,{"stream_name":"stdout","time":730.810483348,"data":"[epoch 1][batch 3040/3278] loss=0.0121 running_loss=0.0182\n"}
,{"stream_name":"stdout","time":732.855471088,"data":"[epoch 1][batch 3050/3278] loss=0.0121 running_loss=0.0182\n"}
,{"stream_name":"stdout","time":734.905006622,"data":"[epoch 1][batch 3060/3278] loss=0.0110 running_loss=0.0182\n"}
,{"stream_name":"stdout","time":736.95440399,"data":"[epoch 1][batch 3070/3278] loss=0.0119 running_loss=0.0182\n"}
,{"stream_name":"stdout","time":738.997115523,"data":"[epoch 1][batch 3080/3278] loss=0.0124 running_loss=0.0181\n"}
,{"stream_name":"stdout","time":741.081709181,"data":"[epoch 1][batch 3090/3278] loss=0.0100 running_loss=0.0181\n"}
,{"stream_name":"stdout","time":743.133022606,"data":"[epoch 1][batch 3100/3278] loss=0.0111 running_loss=0.0181\n"}
,{"stream_name":"stdout","time":745.164184861,"data":"[epoch 1][batch 3110/3278] loss=0.0114 running_loss=0.0181\n"}
,{"stream_name":"stdout","time":747.198031431,"data":"[epoch 1][batch 3120/3278] loss=0.0124 running_loss=0.0180\n"}
,{"stream_name":"stdout","time":749.245663182,"data":"[epoch 1][batch 3130/3278] loss=0.0125 running_loss=0.0180\n"}
,{"stream_name":"stdout","time":751.311280799,"data":"[epoch 1][batch 3140/3278] loss=0.0106 running_loss=0.0180\n"}
,{"stream_name":"stdout","time":753.352749063,"data":"[epoch 1][batch 3150/3278] loss=0.0111 running_loss=0.0180\n"}
,{"stream_name":"stdout","time":755.4482755290001,"data":"[epoch 1][batch 3160/3278] loss=0.0102 running_loss=0.0180\n"}
,{"stream_name":"stdout","time":757.52051431,"data":"[epoch 1][batch 3170/3278] loss=0.0106 running_loss=0.0179\n"}
,{"stream_name":"stdout","time":759.615252917,"data":"[epoch 1][batch 3180/3278] loss=0.0121 running_loss=0.0179\n"}
,{"stream_name":"stdout","time":761.70553297,"data":"[epoch 1][batch 3190/3278] loss=0.0125 running_loss=0.0179\n"}
,{"stream_name":"stdout","time":763.752141082,"data":"[epoch 1][batch 3200/3278] loss=0.0112 running_loss=0.0179\n"}
,{"stream_name":"stdout","time":765.805649681,"data":"[epoch 1][batch 3210/3278] loss=0.0107 running_loss=0.0179\n"}
,{"stream_name":"stdout","time":767.84263775,"data":"[epoch 1][batch 3220/3278] loss=0.0128 running_loss=0.0178\n"}
,{"stream_name":"stdout","time":770.055743774,"data":"[epoch 1][batch 3230/3278] loss=0.0136 running_loss=0.0178\n"}
,{"stream_name":"stdout","time":772.148641756,"data":"[epoch 1][batch 3240/3278] loss=0.0110 running_loss=0.0178\n"}
,{"stream_name":"stdout","time":774.221309754,"data":"[epoch 1][batch 3250/3278] loss=0.0106 running_loss=0.0178\n"}
,{"stream_name":"stdout","time":776.291069296,"data":"[epoch 1][batch 3260/3278] loss=0.0123 running_loss=0.0178\n"}
,{"stream_name":"stdout","time":778.379244685,"data":"[epoch 1][batch 3270/3278] loss=0.0116 running_loss=0.0177\n"}
,{"stream_name":"stdout","time":779.954948723,"data":"[epoch 1][batch 3278/3278] loss=0.0090 running_loss=0.0177\n"}
,{"stream_name":"stderr","time":885.326548708,"data":"/usr/local/lib/python3.12/dist-packages/sklearn/metrics/_ranking.py:379: UndefinedMetricWarning: Only one class is present in y_true. ROC AUC score is not defined in that case.\n"}
,{"stream_name":"stderr","time":885.327262412,"data":"  warnings.warn(\n"}
,{"stream_name":"stderr","time":885.365803424,"data":"/usr/local/lib/python3.12/dist-packages/sklearn/metrics/_ranking.py:379: UndefinedMetricWarning: Only one class is present in y_true. ROC AUC score is not defined in that case.\n"}
,{"stream_name":"stderr","time":885.365855831,"data":"  warnings.warn(\n"}
,{"stream_name":"stderr","time":885.378280666,"data":"/usr/local/lib/python3.12/dist-packages/sklearn/metrics/_ranking.py:379: UndefinedMetricWarning: Only one class is present in y_true. ROC AUC score is not defined in that case.\n"}
,{"stream_name":"stderr","time":885.3783121,"data":"  warnings.warn(\n"}
,{"stream_name":"stderr","time":885.390907692,"data":"/usr/local/lib/python3.12/dist-packages/sklearn/metrics/_ranking.py:379: UndefinedMetricWarning: Only one class is present in y_true. ROC AUC score is not defined in that case.\n"}
,{"stream_name":"stderr","time":885.390925076,"data":"  warnings.warn(\n"}
,{"stream_name":"stderr","time":885.424495385,"data":"/usr/local/lib/python3.12/dist-packages/sklearn/metrics/_ranking.py:379: UndefinedMetricWarning: Only one class is present in y_true. ROC AUC score is not defined in that case.\n"}
,{"stream_name":"stderr","time":885.424536545,"data":"  warnings.warn(\n"}
,{"stream_name":"stdout","time":886.327250166,"data":"[epoch 1] loss=0.0177 f1_macro=0.4757 roc_auc_macro=nan\n"}
,{"stream_name":"stderr","time":895.539040308,"data":"/usr/local/lib/python3.12/dist-packages/mistune.py:435: SyntaxWarning: invalid escape sequence '\\|'\n"}
,{"stream_name":"stderr","time":895.539085267,"data":"  cells[i][c] = re.sub('\\\\\\\\\\|', '|', cell)\n"}
,{"stream_name":"stderr","time":896.0542146,"data":"/usr/local/lib/python3.12/dist-packages/nbconvert/filters/filter_links.py:36: SyntaxWarning: invalid escape sequence '\\_'\n"}
,{"stream_name":"stderr","time":896.054254528,"data":"  text = re.sub(r'_', '\\_', text) # Escape underscores in display text\n"}
,{"stream_name":"stderr","time":897.432052141,"data":"[NbConvertApp] Converting notebook __script__.ipynb to html\n"}
,{"stream_name":"stderr","time":899.144543128,"data":"[NbConvertApp] Writing 353782 bytes to __results__.html\n"}
]