[{"stream_name":"stdout","time":1.897953588,"data":"[lab bootstrap] staged flattened lab package from /kaggle/input/datasets/maxnoellewying/lab-agent-src\n"}
,{"stream_name":"stdout","time":1.898004901,"data":"[lab bootstrap] lab source on sys.path from /tmp/lab-staged-97j0mysh\n"}
,{"stream_name":"stdout","time":47.045872069,"data":"[lab bootstrap] AGENT_PROCESSED_DIR = /kaggle/input/datasets/maxnoellewying/birdclef-2026-preprocessed/processed\n"}
,{"stream_name":"stdout","time":58.743297876,"data":"[lab bootstrap] AGENT_DEVICE=cuda | torch.cuda.is_available=True | gpu=Tesla T4\n"}
,{"stream_name":"stdout","time":67.747317805,"data":"Downloading: \"https://download.pytorch.org/models/efficientnet_b0_rwightman-7f5810bc.pth\" to /root/.cache/torch/hub/checkpoints/efficientnet_b0_rwightman-7f5810bc.pth\n"}
,{"stream_name":"stderr","time":67.920067899,"data":"\r  0%|          | 0.00/20.5M [00:00\u003c?, ?B/s]\r100%|██████████| 20.5M/20.5M [00:00\u003c00:00, 233MB/s]\n"}
,{"stream_name":"stdout","time":68.294448605,"data":"[skeleton] DataParallel across 2 GPUs. total BATCH_SIZE=128 LOG_EVERY_BATCHES=10 LOG_GPU_EVERY_BATCHES=10\n"}
,{"stream_name":"stdout","time":73.044697474,"data":"[epoch 1][batch 1/1639] loss=0.6959 running_loss=0.6959 | gpu0 util=35% mem=6287/14913MiB (42%) alloc=104MiB reserved=6090MiB peak=5515MiB | gpu1 util=30% mem=6255/14913MiB (42%) alloc=9MiB reserved=6058MiB peak=5497MiB\n"}
,{"stream_name":"stdout","time":75.898289591,"data":"[epoch 1][batch 10/1639] loss=0.0430 running_loss=0.2829 | gpu0 util=83% mem=6299/14913MiB (42%) alloc=113MiB reserved=6092MiB peak=5561MiB | gpu1 util=100% mem=6267/14913MiB (42%) alloc=18MiB reserved=6060MiB peak=5503MiB\n"}
,{"stream_name":"stdout","time":79.096060951,"data":"[epoch 1][batch 20/1639] loss=0.0369 running_loss=0.1665 | gpu0 util=98% mem=6299/14913MiB (42%) alloc=113MiB reserved=6092MiB peak=5561MiB | gpu1 util=100% mem=6267/14913MiB (42%) alloc=18MiB reserved=6060MiB peak=5503MiB\n"}
,{"stream_name":"stdout","time":82.303064019,"data":"[epoch 1][batch 30/1639] loss=0.0311 running_loss=0.1231 | gpu0 util=100% mem=6299/14913MiB (42%) alloc=113MiB reserved=6092MiB peak=5561MiB | gpu1 util=82% mem=6267/14913MiB (42%) alloc=18MiB reserved=6060MiB peak=5503MiB\n"}
,{"stream_name":"stdout","time":85.531207939,"data":"[epoch 1][batch 40/1639] loss=0.0309 running_loss=0.1003 | gpu0 util=100% mem=6299/14913MiB (42%) alloc=113MiB reserved=6092MiB peak=5561MiB | gpu1 util=81% mem=6267/14913MiB (42%) alloc=18MiB reserved=6060MiB peak=5503MiB\n"}
,{"stream_name":"stdout","time":88.722895742,"data":"[epoch 1][batch 50/1639] loss=0.0299 running_loss=0.0864 | gpu0 util=83% mem=6299/14913MiB (42%) alloc=113MiB reserved=6092MiB peak=5561MiB | gpu1 util=81% mem=6267/14913MiB (42%) alloc=18MiB reserved=6060MiB peak=5503MiB\n"}
,{"stream_name":"stdout","time":91.920855572,"data":"[epoch 1][batch 60/1639] loss=0.0293 running_loss=0.0769 | gpu0 util=84% mem=6299/14913MiB (42%) alloc=113MiB reserved=6092MiB peak=5561MiB | gpu1 util=94% mem=6267/14913MiB (42%) alloc=18MiB reserved=6060MiB peak=5503MiB\n"}
,{"stream_name":"stdout","time":95.152284064,"data":"[epoch 1][batch 70/1639] loss=0.0296 running_loss=0.0702 | gpu0 util=85% mem=6299/14913MiB (42%) alloc=113MiB reserved=6092MiB peak=5561MiB | gpu1 util=98% mem=6267/14913MiB (42%) alloc=18MiB reserved=6060MiB peak=5503MiB\n"}
,{"stream_name":"stdout","time":98.36428335,"data":"[epoch 1][batch 80/1639] loss=0.0293 running_loss=0.0651 | gpu0 util=84% mem=6299/14913MiB (42%) alloc=113MiB reserved=6092MiB peak=5561MiB | gpu1 util=100% mem=6267/14913MiB (42%) alloc=18MiB reserved=6060MiB peak=5503MiB\n"}
,{"stream_name":"stdout","time":101.590968615,"data":"[epoch 1][batch 90/1639] loss=0.0295 running_loss=0.0611 | gpu0 util=89% mem=6299/14913MiB (42%) alloc=113MiB reserved=6092MiB peak=5561MiB | gpu1 util=100% mem=6267/14913MiB (42%) alloc=18MiB reserved=6060MiB peak=5503MiB\n"}
,{"stream_name":"stdout","time":104.827969522,"data":"[epoch 1][batch 100/1639] loss=0.0292 running_loss=0.0579 | gpu0 util=91% mem=6299/14913MiB (42%) alloc=113MiB reserved=6092MiB peak=5561MiB | gpu1 util=100% mem=6267/14913MiB (42%) alloc=18MiB reserved=6060MiB peak=5503MiB\n"}
,{"stream_name":"stdout","time":108.06731222,"data":"[epoch 1][batch 110/1639] loss=0.0294 running_loss=0.0553 | gpu0 util=91% mem=6299/14913MiB (42%) alloc=113MiB reserved=6092MiB peak=5561MiB | gpu1 util=100% mem=6267/14913MiB (42%) alloc=18MiB reserved=6060MiB peak=5503MiB\n"}
,{"stream_name":"stdout","time":111.312706991,"data":"[epoch 1][batch 120/1639] loss=0.0293 running_loss=0.0531 | gpu0 util=88% mem=6299/14913MiB (42%) alloc=113MiB reserved=6092MiB peak=5561MiB | gpu1 util=100% mem=6267/14913MiB (42%) alloc=18MiB reserved=6060MiB peak=5503MiB\n"}
,{"stream_name":"stdout","time":114.576505553,"data":"[epoch 1][batch 130/1639] loss=0.0286 running_loss=0.0513 | gpu0 util=80% mem=6299/14913MiB (42%) alloc=113MiB reserved=6092MiB peak=5561MiB | gpu1 util=100% mem=6267/14913MiB (42%) alloc=18MiB reserved=6060MiB peak=5503MiB\n"}
,{"stream_name":"stdout","time":117.864149359,"data":"[epoch 1][batch 140/1639] loss=0.0296 running_loss=0.0497 | gpu0 util=83% mem=6299/14913MiB (42%) alloc=113MiB reserved=6092MiB peak=5561MiB | gpu1 util=86% mem=6267/14913MiB (42%) alloc=18MiB reserved=6060MiB peak=5503MiB\n"}
,{"stream_name":"stdout","time":121.15549655,"data":"[epoch 1][batch 150/1639] loss=0.0284 running_loss=0.0483 | gpu0 util=100% mem=6299/14913MiB (42%) alloc=113MiB reserved=6092MiB peak=5561MiB | gpu1 util=82% mem=6267/14913MiB (42%) alloc=18MiB reserved=6060MiB peak=5503MiB\n"}
,{"stream_name":"stdout","time":124.44825703,"data":"[epoch 1][batch 160/1639] loss=0.0287 running_loss=0.0471 | gpu0 util=100% mem=6299/14913MiB (42%) alloc=113MiB reserved=6092MiB peak=5561MiB | gpu1 util=100% mem=6267/14913MiB (42%) alloc=18MiB reserved=6060MiB peak=5503MiB\n"}
,{"stream_name":"stdout","time":127.761123978,"data":"[epoch 1][batch 170/1639] loss=0.0281 running_loss=0.0460 | gpu0 util=84% mem=6299/14913MiB (42%) alloc=113MiB reserved=6092MiB peak=5561MiB | gpu1 util=100% mem=6267/14913MiB (42%) alloc=18MiB reserved=6060MiB peak=5503MiB\n"}
,{"stream_name":"stdout","time":131.353549002,"data":"[epoch 1][batch 180/1639] loss=0.0291 running_loss=0.0450 | gpu0 util=98% mem=6299/14913MiB (42%) alloc=113MiB reserved=6092MiB peak=5561MiB | gpu1 util=100% mem=6267/14913MiB (42%) alloc=18MiB reserved=6060MiB peak=5503MiB\n"}
,{"stream_name":"stdout","time":134.670887041,"data":"[epoch 1][batch 190/1639] loss=0.0281 running_loss=0.0442 | gpu0 util=85% mem=6299/14913MiB (42%) alloc=113MiB reserved=6092MiB peak=5561MiB | gpu1 util=92% mem=6267/14913MiB (42%) alloc=18MiB reserved=6060MiB peak=5503MiB\n"}
,{"stream_name":"stdout","time":137.990162994,"data":"[epoch 1][batch 200/1639] loss=0.0281 running_loss=0.0433 | gpu0 util=99% mem=6299/14913MiB (42%) alloc=113MiB reserved=6092MiB peak=5561MiB | gpu1 util=82% mem=6267/14913MiB (42%) alloc=18MiB reserved=6060MiB peak=5503MiB\n"}
,{"stream_name":"stdout","time":141.322920625,"data":"[epoch 1][batch 210/1639] loss=0.0288 running_loss=0.0426 | gpu0 util=86% mem=6299/14913MiB (42%) alloc=113MiB reserved=6092MiB peak=5561MiB | gpu1 util=100% mem=6267/14913MiB (42%) alloc=18MiB reserved=6060MiB peak=5503MiB\n"}
,{"stream_name":"stdout","time":144.670378659,"data":"[epoch 1][batch 220/1639] loss=0.0272 running_loss=0.0419 | gpu0 util=100% mem=6299/14913MiB (42%) alloc=113MiB reserved=6092MiB peak=5561MiB | gpu1 util=81% mem=6267/14913MiB (42%) alloc=18MiB reserved=6060MiB peak=5503MiB\n"}
,{"stream_name":"stdout","time":148.031999366,"data":"[epoch 1][batch 230/1639] loss=0.0282 running_loss=0.0413 | gpu0 util=85% mem=6299/14913MiB (42%) alloc=113MiB reserved=6092MiB peak=5561MiB | gpu1 util=98% mem=6267/14913MiB (42%) alloc=18MiB reserved=6060MiB peak=5503MiB\n"}
,{"stream_name":"stdout","time":151.405926282,"data":"[epoch 1][batch 240/1639] loss=0.0275 running_loss=0.0407 | gpu0 util=100% mem=6299/14913MiB (42%) alloc=113MiB reserved=6092MiB peak=5561MiB | gpu1 util=100% mem=6267/14913MiB (42%) alloc=18MiB reserved=6060MiB peak=5503MiB\n"}
,{"stream_name":"stdout","time":154.80293576,"data":"[epoch 1][batch 250/1639] loss=0.0272 running_loss=0.0402 | gpu0 util=100% mem=6299/14913MiB (42%) alloc=113MiB reserved=6092MiB peak=5561MiB | gpu1 util=81% mem=6267/14913MiB (42%) alloc=18MiB reserved=6060MiB peak=5503MiB\n"}
,{"stream_name":"stdout","time":158.214838508,"data":"[epoch 1][batch 260/1639] loss=0.0260 running_loss=0.0397 | gpu0 util=100% mem=6299/14913MiB (42%) alloc=113MiB reserved=6092MiB peak=5561MiB | gpu1 util=82% mem=6267/14913MiB (42%) alloc=18MiB reserved=6060MiB peak=5503MiB\n"}
,{"stream_name":"stdout","time":161.628234636,"data":"[epoch 1][batch 270/1639] loss=0.0257 running_loss=0.0392 | gpu0 util=83% mem=6299/14913MiB (42%) alloc=113MiB reserved=6092MiB peak=5561MiB | gpu1 util=83% mem=6267/14913MiB (42%) alloc=18MiB reserved=6060MiB peak=5503MiB\n"}
,{"stream_name":"stdout","time":165.057085557,"data":"[epoch 1][batch 280/1639] loss=0.0264 running_loss=0.0387 | gpu0 util=84% mem=6299/14913MiB (42%) alloc=113MiB reserved=6092MiB peak=5561MiB | gpu1 util=90% mem=6267/14913MiB (42%) alloc=18MiB reserved=6060MiB peak=5503MiB\n"}
,{"stream_name":"stdout","time":168.504665165,"data":"[epoch 1][batch 290/1639] loss=0.0254 running_loss=0.0383 | gpu0 util=84% mem=6299/14913MiB (42%) alloc=113MiB reserved=6092MiB peak=5561MiB | gpu1 util=88% mem=6267/14913MiB (42%) alloc=18MiB reserved=6060MiB peak=5503MiB\n"}
,{"stream_name":"stdout","time":171.976346767,"data":"[epoch 1][batch 300/1639] loss=0.0241 running_loss=0.0378 | gpu0 util=100% mem=6299/14913MiB (42%) alloc=113MiB reserved=6092MiB peak=5561MiB | gpu1 util=80% mem=6267/14913MiB (42%) alloc=18MiB reserved=6060MiB peak=5503MiB\n"}
,{"stream_name":"stdout","time":175.472231269,"data":"[epoch 1][batch 310/1639] loss=0.0263 running_loss=0.0374 | gpu0 util=100% mem=6299/14913MiB (42%) alloc=113MiB reserved=6092MiB peak=5561MiB | gpu1 util=100% mem=6267/14913MiB (42%) alloc=18MiB reserved=6060MiB peak=5503MiB\n"}
,{"stream_name":"stdout","time":178.99172252,"data":"[epoch 1][batch 320/1639] loss=0.0239 running_loss=0.0370 | gpu0 util=90% mem=6299/14913MiB (42%) alloc=113MiB reserved=6092MiB peak=5561MiB | gpu1 util=99% mem=6267/14913MiB (42%) alloc=18MiB reserved=6060MiB peak=5503MiB\n"}
,{"stream_name":"stdout","time":182.529030364,"data":"[epoch 1][batch 330/1639] loss=0.0236 running_loss=0.0366 | gpu0 util=100% mem=6299/14913MiB (42%) alloc=113MiB reserved=6092MiB peak=5561MiB | gpu1 util=83% mem=6267/14913MiB (42%) alloc=18MiB reserved=6060MiB peak=5503MiB\n"}
,{"stream_name":"stdout","time":186.061334163,"data":"[epoch 1][batch 340/1639] loss=0.0234 running_loss=0.0362 | gpu0 util=98% mem=6299/14913MiB (42%) alloc=113MiB reserved=6092MiB peak=5561MiB | gpu1 util=99% mem=6267/14913MiB (42%) alloc=18MiB reserved=6060MiB peak=5503MiB\n"}
,{"stream_name":"stdout","time":189.587092102,"data":"[epoch 1][batch 350/1639] loss=0.0243 running_loss=0.0359 | gpu0 util=86% mem=6299/14913MiB (42%) alloc=113MiB reserved=6092MiB peak=5561MiB | gpu1 util=83% mem=6267/14913MiB (42%) alloc=18MiB reserved=6060MiB peak=5503MiB\n"}
,{"stream_name":"stdout","time":193.063880107,"data":"[epoch 1][batch 360/1639] loss=0.0246 running_loss=0.0356 | gpu0 util=100% mem=6299/14913MiB (42%) alloc=113MiB reserved=6092MiB peak=5561MiB | gpu1 util=82% mem=6267/14913MiB (42%) alloc=18MiB reserved=6060MiB peak=5503MiB\n"}
,{"stream_name":"stdout","time":196.69647084,"data":"[epoch 1][batch 370/1639] loss=0.0239 running_loss=0.0352 | gpu0 util=100% mem=6299/14913MiB (42%) alloc=113MiB reserved=6092MiB peak=5561MiB | gpu1 util=83% mem=6267/14913MiB (42%) alloc=18MiB reserved=6060MiB peak=5503MiB\n"}
,{"stream_name":"stdout","time":200.149543241,"data":"[epoch 1][batch 380/1639] loss=0.0228 running_loss=0.0349 | gpu0 util=100% mem=6299/14913MiB (42%) alloc=113MiB reserved=6092MiB peak=5561MiB | gpu1 util=82% mem=6267/14913MiB (42%) alloc=18MiB reserved=6060MiB peak=5503MiB\n"}
,{"stream_name":"stdout","time":203.587059776,"data":"[epoch 1][batch 390/1639] loss=0.0209 running_loss=0.0346 | gpu0 util=100% mem=6299/14913MiB (42%) alloc=113MiB reserved=6092MiB peak=5561MiB | gpu1 util=81% mem=6267/14913MiB (42%) alloc=18MiB reserved=6060MiB peak=5503MiB\n"}
,{"stream_name":"stdout","time":207.004286566,"data":"[epoch 1][batch 400/1639] loss=0.0233 running_loss=0.0343 | gpu0 util=84% mem=6299/14913MiB (42%) alloc=113MiB reserved=6092MiB peak=5561MiB | gpu1 util=81% mem=6267/14913MiB (42%) alloc=18MiB reserved=6060MiB peak=5503MiB\n"}
,{"stream_name":"stdout","time":210.423493203,"data":"[epoch 1][batch 410/1639] loss=0.0207 running_loss=0.0340 | gpu0 util=82% mem=6299/14913MiB (42%) alloc=113MiB reserved=6092MiB peak=5561MiB | gpu1 util=89% mem=6267/14913MiB (42%) alloc=18MiB reserved=6060MiB peak=5503MiB\n"}
,{"stream_name":"stdout","time":213.847721041,"data":"[epoch 1][batch 420/1639] loss=0.0224 running_loss=0.0337 | gpu0 util=85% mem=6299/14913MiB (42%) alloc=113MiB reserved=6092MiB peak=5561MiB | gpu1 util=92% mem=6267/14913MiB (42%) alloc=18MiB reserved=6060MiB peak=5503MiB\n"}
,{"stream_name":"stdout","time":217.265479701,"data":"[epoch 1][batch 430/1639] loss=0.0214 running_loss=0.0334 | gpu0 util=94% mem=6299/14913MiB (42%) alloc=113MiB reserved=6092MiB peak=5561MiB | gpu1 util=100% mem=6267/14913MiB (42%) alloc=18MiB reserved=6060MiB peak=5503MiB\n"}
,{"stream_name":"stdout","time":220.670033931,"data":"[epoch 1][batch 440/1639] loss=0.0223 running_loss=0.0331 | gpu0 util=100% mem=6299/14913MiB (42%) alloc=113MiB reserved=6092MiB peak=5561MiB | gpu1 util=100% mem=6267/14913MiB (42%) alloc=18MiB reserved=6060MiB peak=5503MiB\n"}
,{"stream_name":"stdout","time":224.090416431,"data":"[epoch 1][batch 450/1639] loss=0.0203 running_loss=0.0328 | gpu0 util=100% mem=6299/14913MiB (42%) alloc=113MiB reserved=6092MiB peak=5561MiB | gpu1 util=100% mem=6267/14913MiB (42%) alloc=18MiB reserved=6060MiB peak=5503MiB\n"}
,{"stream_name":"stdout","time":227.504952925,"data":"[epoch 1][batch 460/1639] loss=0.0198 running_loss=0.0326 | gpu0 util=100% mem=6299/14913MiB (42%) alloc=113MiB reserved=6092MiB peak=5561MiB | gpu1 util=100% mem=6267/14913MiB (42%) alloc=18MiB reserved=6060MiB peak=5503MiB\n"}
,{"stream_name":"stdout","time":230.914807186,"data":"[epoch 1][batch 470/1639] loss=0.0205 running_loss=0.0323 | gpu0 util=100% mem=6299/14913MiB (42%) alloc=113MiB reserved=6092MiB peak=5561MiB | gpu1 util=82% mem=6267/14913MiB (42%) alloc=18MiB reserved=6060MiB peak=5503MiB\n"}
,{"stream_name":"stdout","time":234.347526696,"data":"[epoch 1][batch 480/1639] loss=0.0201 running_loss=0.0321 | gpu0 util=81% mem=6299/14913MiB (42%) alloc=113MiB reserved=6092MiB peak=5561MiB | gpu1 util=78% mem=6267/14913MiB (42%) alloc=18MiB reserved=6060MiB peak=5503MiB\n"}
,{"stream_name":"stdout","time":237.797564006,"data":"[epoch 1][batch 490/1639] loss=0.0204 running_loss=0.0318 | gpu0 util=85% mem=6299/14913MiB (42%) alloc=113MiB reserved=6092MiB peak=5561MiB | gpu1 util=82% mem=6267/14913MiB (42%) alloc=18MiB reserved=6060MiB peak=5503MiB\n"}
,{"stream_name":"stdout","time":241.239466337,"data":"[epoch 1][batch 500/1639] loss=0.0206 running_loss=0.0316 | gpu0 util=84% mem=6299/14913MiB (42%) alloc=113MiB reserved=6092MiB peak=5561MiB | gpu1 util=81% mem=6267/14913MiB (42%) alloc=18MiB reserved=6060MiB peak=5503MiB\n"}
,{"stream_name":"stdout","time":244.693415957,"data":"[epoch 1][batch 510/1639] loss=0.0212 running_loss=0.0314 | gpu0 util=100% mem=6299/14913MiB (42%) alloc=113MiB reserved=6092MiB peak=5561MiB | gpu1 util=100% mem=6267/14913MiB (42%) alloc=18MiB reserved=6060MiB peak=5503MiB\n"}
,{"stream_name":"stdout","time":248.144475169,"data":"[epoch 1][batch 520/1639] loss=0.0187 running_loss=0.0312 | gpu0 util=100% mem=6299/14913MiB (42%) alloc=113MiB reserved=6092MiB peak=5561MiB | gpu1 util=100% mem=6267/14913MiB (42%) alloc=18MiB reserved=6060MiB peak=5503MiB\n"}
,{"stream_name":"stdout","time":251.598970627,"data":"[epoch 1][batch 530/1639] loss=0.0202 running_loss=0.0310 | gpu0 util=100% mem=6299/14913MiB (42%) alloc=113MiB reserved=6092MiB peak=5561MiB | gpu1 util=100% mem=6267/14913MiB (42%) alloc=18MiB reserved=6060MiB peak=5503MiB\n"}
,{"stream_name":"stdout","time":255.044167584,"data":"[epoch 1][batch 540/1639] loss=0.0203 running_loss=0.0307 | gpu0 util=100% mem=6299/14913MiB (42%) alloc=113MiB reserved=6092MiB peak=5561MiB | gpu1 util=99% mem=6267/14913MiB (42%) alloc=18MiB reserved=6060MiB peak=5503MiB\n"}
,{"stream_name":"stdout","time":258.683974168,"data":"[epoch 1][batch 550/1639] loss=0.0192 running_loss=0.0305 | gpu0 util=100% mem=6299/14913MiB (42%) alloc=113MiB reserved=6092MiB peak=5561MiB | gpu1 util=100% mem=6267/14913MiB (42%) alloc=18MiB reserved=6060MiB peak=5503MiB\n"}
,{"stream_name":"stdout","time":262.144109823,"data":"[epoch 1][batch 560/1639] loss=0.0188 running_loss=0.0303 | gpu0 util=100% mem=6299/14913MiB (42%) alloc=113MiB reserved=6092MiB peak=5561MiB | gpu1 util=100% mem=6267/14913MiB (42%) alloc=18MiB reserved=6060MiB peak=5503MiB\n"}
,{"stream_name":"stdout","time":265.622184314,"data":"[epoch 1][batch 570/1639] loss=0.0178 running_loss=0.0301 | gpu0 util=100% mem=6299/14913MiB (42%) alloc=113MiB reserved=6092MiB peak=5561MiB | gpu1 util=100% mem=6267/14913MiB (42%) alloc=18MiB reserved=6060MiB peak=5503MiB\n"}
,{"stream_name":"stdout","time":269.081551764,"data":"[epoch 1][batch 580/1639] loss=0.0197 running_loss=0.0299 | gpu0 util=100% mem=6299/14913MiB (42%) alloc=113MiB reserved=6092MiB peak=5561MiB | gpu1 util=100% mem=6267/14913MiB (42%) alloc=18MiB reserved=6060MiB peak=5503MiB\n"}
,{"stream_name":"stdout","time":272.540484147,"data":"[epoch 1][batch 590/1639] loss=0.0198 running_loss=0.0297 | gpu0 util=100% mem=6299/14913MiB (42%) alloc=113MiB reserved=6092MiB peak=5561MiB | gpu1 util=99% mem=6267/14913MiB (42%) alloc=18MiB reserved=6060MiB peak=5503MiB\n"}
,{"stream_name":"stdout","time":275.985129417,"data":"[epoch 1][batch 600/1639] loss=0.0175 running_loss=0.0296 | gpu0 util=100% mem=6299/14913MiB (42%) alloc=113MiB reserved=6092MiB peak=5561MiB | gpu1 util=96% mem=6267/14913MiB (42%) alloc=18MiB reserved=6060MiB peak=5503MiB\n"}
,{"stream_name":"stdout","time":279.435777127,"data":"[epoch 1][batch 610/1639] loss=0.0185 running_loss=0.0294 | gpu0 util=100% mem=6299/14913MiB (42%) alloc=113MiB reserved=6092MiB peak=5561MiB | gpu1 util=92% mem=6267/14913MiB (42%) alloc=18MiB reserved=6060MiB peak=5503MiB\n"}
,{"stream_name":"stdout","time":282.885376601,"data":"[epoch 1][batch 620/1639] loss=0.0174 running_loss=0.0292 | gpu0 util=100% mem=6299/14913MiB (42%) alloc=113MiB reserved=6092MiB peak=5561MiB | gpu1 util=87% mem=6267/14913MiB (42%) alloc=18MiB reserved=6060MiB peak=5503MiB\n"}
,{"stream_name":"stdout","time":286.329037979,"data":"[epoch 1][batch 630/1639] loss=0.0175 running_loss=0.0290 | gpu0 util=100% mem=6299/14913MiB (42%) alloc=113MiB reserved=6092MiB peak=5561MiB | gpu1 util=88% mem=6267/14913MiB (42%) alloc=18MiB reserved=6060MiB peak=5503MiB\n"}
,{"stream_name":"stdout","time":289.770574087,"data":"[epoch 1][batch 640/1639] loss=0.0170 running_loss=0.0288 | gpu0 util=100% mem=6299/14913MiB (42%) alloc=113MiB reserved=6092MiB peak=5561MiB | gpu1 util=85% mem=6267/14913MiB (42%) alloc=18MiB reserved=6060MiB peak=5503MiB\n"}
,{"stream_name":"stdout","time":293.221073839,"data":"[epoch 1][batch 650/1639] loss=0.0172 running_loss=0.0287 | gpu0 util=98% mem=6299/14913MiB (42%) alloc=113MiB reserved=6092MiB peak=5561MiB | gpu1 util=81% mem=6267/14913MiB (42%) alloc=18MiB reserved=6060MiB peak=5503MiB\n"}
,{"stream_name":"stdout","time":296.665822895,"data":"[epoch 1][batch 660/1639] loss=0.0164 running_loss=0.0285 | gpu0 util=97% mem=6299/14913MiB (42%) alloc=113MiB reserved=6092MiB peak=5561MiB | gpu1 util=81% mem=6267/14913MiB (42%) alloc=18MiB reserved=6060MiB peak=5503MiB\n"}
,{"stream_name":"stdout","time":300.118877819,"data":"[epoch 1][batch 670/1639] loss=0.0163 running_loss=0.0283 | gpu0 util=93% mem=6299/14913MiB (42%) alloc=113MiB reserved=6092MiB peak=5561MiB | gpu1 util=83% mem=6267/14913MiB (42%) alloc=18MiB reserved=6060MiB peak=5503MiB\n"}
,{"stream_name":"stdout","time":303.571613294,"data":"[epoch 1][batch 680/1639] loss=0.0167 running_loss=0.0282 | gpu0 util=88% mem=6299/14913MiB (42%) alloc=113MiB reserved=6092MiB peak=5561MiB | gpu1 util=82% mem=6267/14913MiB (42%) alloc=18MiB reserved=6060MiB peak=5503MiB\n"}
,{"stream_name":"stdout","time":307.011298058,"data":"[epoch 1][batch 690/1639] loss=0.0160 running_loss=0.0280 | gpu0 util=89% mem=6299/14913MiB (42%) alloc=113MiB reserved=6092MiB peak=5561MiB | gpu1 util=81% mem=6267/14913MiB (42%) alloc=18MiB reserved=6060MiB peak=5503MiB\n"}
,{"stream_name":"stdout","time":310.45625143,"data":"[epoch 1][batch 700/1639] loss=0.0175 running_loss=0.0278 | gpu0 util=88% mem=6299/14913MiB (42%) alloc=113MiB reserved=6092MiB peak=5561MiB | gpu1 util=82% mem=6267/14913MiB (42%) alloc=18MiB reserved=6060MiB peak=5503MiB\n"}
,{"stream_name":"stdout","time":313.897668109,"data":"[epoch 1][batch 710/1639] loss=0.0191 running_loss=0.0277 | gpu0 util=87% mem=6299/14913MiB (42%) alloc=113MiB reserved=6092MiB peak=5561MiB | gpu1 util=82% mem=6267/14913MiB (42%) alloc=18MiB reserved=6060MiB peak=5503MiB\n"}
,{"stream_name":"stdout","time":317.329039921,"data":"[epoch 1][batch 720/1639] loss=0.0165 running_loss=0.0275 | gpu0 util=92% mem=6299/14913MiB (42%) alloc=113MiB reserved=6092MiB peak=5561MiB | gpu1 util=81% mem=6267/14913MiB (42%) alloc=18MiB reserved=6060MiB peak=5503MiB\n"}
,{"stream_name":"stdout","time":320.766844322,"data":"[epoch 1][batch 730/1639] loss=0.0169 running_loss=0.0274 | gpu0 util=93% mem=6299/14913MiB (42%) alloc=113MiB reserved=6092MiB peak=5561MiB | gpu1 util=82% mem=6267/14913MiB (42%) alloc=18MiB reserved=6060MiB peak=5503MiB\n"}
,{"stream_name":"stdout","time":324.411824979,"data":"[epoch 1][batch 740/1639] loss=0.0155 running_loss=0.0272 | gpu0 util=92% mem=6299/14913MiB (42%) alloc=113MiB reserved=6092MiB peak=5561MiB | gpu1 util=82% mem=6267/14913MiB (42%) alloc=18MiB reserved=6060MiB peak=5503MiB\n"}
,{"stream_name":"stdout","time":327.852409846,"data":"[epoch 1][batch 750/1639] loss=0.0162 running_loss=0.0271 | gpu0 util=97% mem=6299/14913MiB (42%) alloc=113MiB reserved=6092MiB peak=5561MiB | gpu1 util=82% mem=6267/14913MiB (42%) alloc=18MiB reserved=6060MiB peak=5503MiB\n"}
,{"stream_name":"stdout","time":331.309059665,"data":"[epoch 1][batch 760/1639] loss=0.0181 running_loss=0.0269 | gpu0 util=92% mem=6299/14913MiB (42%) alloc=113MiB reserved=6092MiB peak=5561MiB | gpu1 util=83% mem=6267/14913MiB (42%) alloc=18MiB reserved=6060MiB peak=5503MiB\n"}
,{"stream_name":"stdout","time":334.738721174,"data":"[epoch 1][batch 770/1639] loss=0.0171 running_loss=0.0268 | gpu0 util=100% mem=6299/14913MiB (42%) alloc=113MiB reserved=6092MiB peak=5561MiB | gpu1 util=81% mem=6267/14913MiB (42%) alloc=18MiB reserved=6060MiB peak=5503MiB\n"}
,{"stream_name":"stdout","time":338.181849573,"data":"[epoch 1][batch 780/1639] loss=0.0165 running_loss=0.0267 | gpu0 util=100% mem=6299/14913MiB (42%) alloc=113MiB reserved=6092MiB peak=5561MiB | gpu1 util=82% mem=6267/14913MiB (42%) alloc=18MiB reserved=6060MiB peak=5503MiB\n"}
,{"stream_name":"stdout","time":341.623688285,"data":"[epoch 1][batch 790/1639] loss=0.0153 running_loss=0.0265 | gpu0 util=100% mem=6299/14913MiB (42%) alloc=113MiB reserved=6092MiB peak=5561MiB | gpu1 util=81% mem=6267/14913MiB (42%) alloc=18MiB reserved=6060MiB peak=5503MiB\n"}
,{"stream_name":"stdout","time":345.064575103,"data":"[epoch 1][batch 800/1639] loss=0.0157 running_loss=0.0264 | gpu0 util=100% mem=6299/14913MiB (42%) alloc=113MiB reserved=6092MiB peak=5561MiB | gpu1 util=80% mem=6267/14913MiB (42%) alloc=18MiB reserved=6060MiB peak=5503MiB\n"}
,{"stream_name":"stdout","time":348.507064123,"data":"[epoch 1][batch 810/1639] loss=0.0166 running_loss=0.0263 | gpu0 util=100% mem=6299/14913MiB (42%) alloc=113MiB reserved=6092MiB peak=5561MiB | gpu1 util=81% mem=6267/14913MiB (42%) alloc=18MiB reserved=6060MiB peak=5503MiB\n"}
,{"stream_name":"stdout","time":351.950183617,"data":"[epoch 1][batch 820/1639] loss=0.0184 running_loss=0.0262 | gpu0 util=100% mem=6299/14913MiB (42%) alloc=113MiB reserved=6092MiB peak=5561MiB | gpu1 util=81% mem=6267/14913MiB (42%) alloc=18MiB reserved=6060MiB peak=5503MiB\n"}
,{"stream_name":"stdout","time":355.41308468,"data":"[epoch 1][batch 830/1639] loss=0.0156 running_loss=0.0260 | gpu0 util=94% mem=6299/14913MiB (42%) alloc=113MiB reserved=6092MiB peak=5561MiB | gpu1 util=82% mem=6267/14913MiB (42%) alloc=18MiB reserved=6060MiB peak=5503MiB\n"}
,{"stream_name":"stdout","time":358.859886007,"data":"[epoch 1][batch 840/1639] loss=0.0136 running_loss=0.0259 | gpu0 util=91% mem=6299/14913MiB (42%) alloc=113MiB reserved=6092MiB peak=5561MiB | gpu1 util=82% mem=6267/14913MiB (42%) alloc=18MiB reserved=6060MiB peak=5503MiB\n"}
,{"stream_name":"stdout","time":362.308665172,"data":"[epoch 1][batch 850/1639] loss=0.0183 running_loss=0.0258 | gpu0 util=89% mem=6299/14913MiB (42%) alloc=113MiB reserved=6092MiB peak=5561MiB | gpu1 util=82% mem=6267/14913MiB (42%) alloc=18MiB reserved=6060MiB peak=5503MiB\n"}
,{"stream_name":"stdout","time":365.757926848,"data":"[epoch 1][batch 860/1639] loss=0.0148 running_loss=0.0256 | gpu0 util=86% mem=6299/14913MiB (42%) alloc=113MiB reserved=6092MiB peak=5561MiB | gpu1 util=99% mem=6267/14913MiB (42%) alloc=18MiB reserved=6060MiB peak=5503MiB\n"}
,{"stream_name":"stdout","time":369.207206069,"data":"[epoch 1][batch 870/1639] loss=0.0156 running_loss=0.0255 | gpu0 util=84% mem=6299/14913MiB (42%) alloc=113MiB reserved=6092MiB peak=5561MiB | gpu1 util=100% mem=6267/14913MiB (42%) alloc=18MiB reserved=6060MiB peak=5503MiB\n"}
,{"stream_name":"stdout","time":372.645809938,"data":"[epoch 1][batch 880/1639] loss=0.0143 running_loss=0.0254 | gpu0 util=85% mem=6299/14913MiB (42%) alloc=113MiB reserved=6092MiB peak=5561MiB | gpu1 util=100% mem=6267/14913MiB (42%) alloc=18MiB reserved=6060MiB peak=5503MiB\n"}
,{"stream_name":"stdout","time":376.098894057,"data":"[epoch 1][batch 890/1639] loss=0.0158 running_loss=0.0253 | gpu0 util=81% mem=6299/14913MiB (42%) alloc=113MiB reserved=6092MiB peak=5561MiB | gpu1 util=100% mem=6267/14913MiB (42%) alloc=18MiB reserved=6060MiB peak=5503MiB\n"}
,{"stream_name":"stdout","time":379.549866547,"data":"[epoch 1][batch 900/1639] loss=0.0144 running_loss=0.0252 | gpu0 util=84% mem=6299/14913MiB (42%) alloc=113MiB reserved=6092MiB peak=5561MiB | gpu1 util=100% mem=6267/14913MiB (42%) alloc=18MiB reserved=6060MiB peak=5503MiB\n"}
,{"stream_name":"stdout","time":382.996496783,"data":"[epoch 1][batch 910/1639] loss=0.0149 running_loss=0.0251 | gpu0 util=85% mem=6299/14913MiB (42%) alloc=113MiB reserved=6092MiB peak=5561MiB | gpu1 util=99% mem=6267/14913MiB (42%) alloc=18MiB reserved=6060MiB peak=5503MiB\n"}
,{"stream_name":"stdout","time":386.634147295,"data":"[epoch 1][batch 920/1639] loss=0.0156 running_loss=0.0250 | gpu0 util=85% mem=6299/14913MiB (42%) alloc=113MiB reserved=6092MiB peak=5561MiB | gpu1 util=100% mem=6267/14913MiB (42%) alloc=18MiB reserved=6060MiB peak=5503MiB\n"}
,{"stream_name":"stdout","time":390.074794018,"data":"[epoch 1][batch 930/1639] loss=0.0135 running_loss=0.0249 | gpu0 util=85% mem=6299/14913MiB (42%) alloc=113MiB reserved=6092MiB peak=5561MiB | gpu1 util=100% mem=6267/14913MiB (42%) alloc=18MiB reserved=6060MiB peak=5503MiB\n"}
,{"stream_name":"stdout","time":393.522102488,"data":"[epoch 1][batch 940/1639] loss=0.0158 running_loss=0.0248 | gpu0 util=85% mem=6299/14913MiB (42%) alloc=113MiB reserved=6092MiB peak=5561MiB | gpu1 util=99% mem=6267/14913MiB (42%) alloc=18MiB reserved=6060MiB peak=5503MiB\n"}
,{"stream_name":"stdout","time":396.967266918,"data":"[epoch 1][batch 950/1639] loss=0.0145 running_loss=0.0246 | gpu0 util=85% mem=6299/14913MiB (42%) alloc=113MiB reserved=6092MiB peak=5561MiB | gpu1 util=100% mem=6267/14913MiB (42%) alloc=18MiB reserved=6060MiB peak=5503MiB\n"}
,{"stream_name":"stdout","time":400.439602216,"data":"[epoch 1][batch 960/1639] loss=0.0149 running_loss=0.0245 | gpu0 util=84% mem=6299/14913MiB (42%) alloc=113MiB reserved=6092MiB peak=5561MiB | gpu1 util=100% mem=6267/14913MiB (42%) alloc=18MiB reserved=6060MiB peak=5503MiB\n"}
,{"stream_name":"stdout","time":403.899338709,"data":"[epoch 1][batch 970/1639] loss=0.0158 running_loss=0.0244 | gpu0 util=84% mem=6299/14913MiB (42%) alloc=113MiB reserved=6092MiB peak=5561MiB | gpu1 util=100% mem=6267/14913MiB (42%) alloc=18MiB reserved=6060MiB peak=5503MiB\n"}
,{"stream_name":"stdout","time":407.351968195,"data":"[epoch 1][batch 980/1639] loss=0.0141 running_loss=0.0243 | gpu0 util=86% mem=6299/14913MiB (42%) alloc=113MiB reserved=6092MiB peak=5561MiB | gpu1 util=99% mem=6267/14913MiB (42%) alloc=18MiB reserved=6060MiB peak=5503MiB\n"}
,{"stream_name":"stdout","time":410.799018518,"data":"[epoch 1][batch 990/1639] loss=0.0138 running_loss=0.0242 | gpu0 util=83% mem=6299/14913MiB (42%) alloc=113MiB reserved=6092MiB peak=5561MiB | gpu1 util=99% mem=6267/14913MiB (42%) alloc=18MiB reserved=6060MiB peak=5503MiB\n"}
,{"stream_name":"stdout","time":414.248899778,"data":"[epoch 1][batch 1000/1639] loss=0.0165 running_loss=0.0241 | gpu0 util=100% mem=6299/14913MiB (42%) alloc=113MiB reserved=6092MiB peak=5561MiB | gpu1 util=99% mem=6267/14913MiB (42%) alloc=18MiB reserved=6060MiB peak=5503MiB\n"}
,{"stream_name":"stdout","time":417.694374513,"data":"[epoch 1][batch 1010/1639] loss=0.0130 running_loss=0.0240 | gpu0 util=100% mem=6299/14913MiB (42%) alloc=113MiB reserved=6092MiB peak=5561MiB | gpu1 util=100% mem=6267/14913MiB (42%) alloc=18MiB reserved=6060MiB peak=5503MiB\n"}
,{"stream_name":"stdout","time":421.159823144,"data":"[epoch 1][batch 1020/1639] loss=0.0140 running_loss=0.0239 | gpu0 util=100% mem=6299/14913MiB (42%) alloc=113MiB reserved=6092MiB peak=5561MiB | gpu1 util=93% mem=6267/14913MiB (42%) alloc=18MiB reserved=6060MiB peak=5503MiB\n"}
,{"stream_name":"stdout","time":424.612604569,"data":"[epoch 1][batch 1030/1639] loss=0.0160 running_loss=0.0239 | gpu0 util=100% mem=6299/14913MiB (42%) alloc=113MiB reserved=6092MiB peak=5561MiB | gpu1 util=87% mem=6267/14913MiB (42%) alloc=18MiB reserved=6060MiB peak=5503MiB\n"}
,{"stream_name":"stdout","time":428.066896867,"data":"[epoch 1][batch 1040/1639] loss=0.0140 running_loss=0.0238 | gpu0 util=100% mem=6299/14913MiB (42%) alloc=113MiB reserved=6092MiB peak=5561MiB | gpu1 util=80% mem=6267/14913MiB (42%) alloc=18MiB reserved=6060MiB peak=5503MiB\n"}
,{"stream_name":"stdout","time":431.508514185,"data":"[epoch 1][batch 1050/1639] loss=0.0133 running_loss=0.0237 | gpu0 util=100% mem=6299/14913MiB (42%) alloc=113MiB reserved=6092MiB peak=5561MiB | gpu1 util=82% mem=6267/14913MiB (42%) alloc=18MiB reserved=6060MiB peak=5503MiB\n"}
,{"stream_name":"stdout","time":434.966659639,"data":"[epoch 1][batch 1060/1639] loss=0.0138 running_loss=0.0236 | gpu0 util=100% mem=6299/14913MiB (42%) alloc=113MiB reserved=6092MiB peak=5561MiB | gpu1 util=79% mem=6267/14913MiB (42%) alloc=18MiB reserved=6060MiB peak=5503MiB\n"}
,{"stream_name":"stdout","time":438.420746899,"data":"[epoch 1][batch 1070/1639] loss=0.0133 running_loss=0.0235 | gpu0 util=100% mem=6299/14913MiB (42%) alloc=113MiB reserved=6092MiB peak=5561MiB | gpu1 util=82% mem=6267/14913MiB (42%) alloc=18MiB reserved=6060MiB peak=5503MiB\n"}
,{"stream_name":"stdout","time":441.875139542,"data":"[epoch 1][batch 1080/1639] loss=0.0131 running_loss=0.0234 | gpu0 util=100% mem=6299/14913MiB (42%) alloc=113MiB reserved=6092MiB peak=5561MiB | gpu1 util=77% mem=6267/14913MiB (42%) alloc=18MiB reserved=6060MiB peak=5503MiB\n"}
,{"stream_name":"stdout","time":445.320972069,"data":"[epoch 1][batch 1090/1639] loss=0.0137 running_loss=0.0233 | gpu0 util=100% mem=6299/14913MiB (42%) alloc=113MiB reserved=6092MiB peak=5561MiB | gpu1 util=100% mem=6267/14913MiB (42%) alloc=18MiB reserved=6060MiB peak=5503MiB\n"}
,{"stream_name":"stdout","time":448.959370907,"data":"[epoch 1][batch 1100/1639] loss=0.0151 running_loss=0.0232 | gpu0 util=100% mem=6299/14913MiB (42%) alloc=113MiB reserved=6092MiB peak=5561MiB | gpu1 util=99% mem=6267/14913MiB (42%) alloc=18MiB reserved=6060MiB peak=5503MiB\n"}
,{"stream_name":"stdout","time":452.419800849,"data":"[epoch 1][batch 1110/1639] loss=0.0138 running_loss=0.0231 | gpu0 util=94% mem=6299/14913MiB (42%) alloc=113MiB reserved=6092MiB peak=5561MiB | gpu1 util=100% mem=6267/14913MiB (42%) alloc=18MiB reserved=6060MiB peak=5503MiB\n"}
,{"stream_name":"stdout","time":455.865158573,"data":"[epoch 1][batch 1120/1639] loss=0.0142 running_loss=0.0230 | gpu0 util=92% mem=6299/14913MiB (42%) alloc=113MiB reserved=6092MiB peak=5561MiB | gpu1 util=99% mem=6267/14913MiB (42%) alloc=18MiB reserved=6060MiB peak=5503MiB\n"}
,{"stream_name":"stdout","time":459.342856951,"data":"[epoch 1][batch 1130/1639] loss=0.0134 running_loss=0.0230 | gpu0 util=84% mem=6299/14913MiB (42%) alloc=113MiB reserved=6092MiB peak=5561MiB | gpu1 util=100% mem=6267/14913MiB (42%) alloc=18MiB reserved=6060MiB peak=5503MiB\n"}
,{"stream_name":"stdout","time":462.801469865,"data":"[epoch 1][batch 1140/1639] loss=0.0135 running_loss=0.0229 | gpu0 util=84% mem=6299/14913MiB (42%) alloc=113MiB reserved=6092MiB peak=5561MiB | gpu1 util=100% mem=6267/14913MiB (42%) alloc=18MiB reserved=6060MiB peak=5503MiB\n"}
,{"stream_name":"stdout","time":466.249138162,"data":"[epoch 1][batch 1150/1639] loss=0.0150 running_loss=0.0228 | gpu0 util=84% mem=6299/14913MiB (42%) alloc=113MiB reserved=6092MiB peak=5561MiB | gpu1 util=100% mem=6267/14913MiB (42%) alloc=18MiB reserved=6060MiB peak=5503MiB\n"}
,{"stream_name":"stdout","time":469.689530211,"data":"[epoch 1][batch 1160/1639] loss=0.0127 running_loss=0.0227 | gpu0 util=85% mem=6299/14913MiB (42%) alloc=113MiB reserved=6092MiB peak=5561MiB | gpu1 util=100% mem=6267/14913MiB (42%) alloc=18MiB reserved=6060MiB peak=5503MiB\n"}
,{"stream_name":"stdout","time":473.182669211,"data":"[epoch 1][batch 1170/1639] loss=0.0139 running_loss=0.0226 | gpu0 util=100% mem=6299/14913MiB (42%) alloc=113MiB reserved=6092MiB peak=5561MiB | gpu1 util=95% mem=6267/14913MiB (42%) alloc=18MiB reserved=6060MiB peak=5503MiB\n"}
,{"stream_name":"stdout","time":476.645683464,"data":"[epoch 1][batch 1180/1639] loss=0.0136 running_loss=0.0226 | gpu0 util=100% mem=6299/14913MiB (42%) alloc=113MiB reserved=6092MiB peak=5561MiB | gpu1 util=87% mem=6267/14913MiB (42%) alloc=18MiB reserved=6060MiB peak=5503MiB\n"}
,{"stream_name":"stdout","time":480.100170315,"data":"[epoch 1][batch 1190/1639] loss=0.0139 running_loss=0.0225 | gpu0 util=100% mem=6299/14913MiB (42%) alloc=113MiB reserved=6092MiB peak=5561MiB | gpu1 util=82% mem=6267/14913MiB (42%) alloc=18MiB reserved=6060MiB peak=5503MiB\n"}
,{"stream_name":"stdout","time":483.565555063,"data":"[epoch 1][batch 1200/1639] loss=0.0137 running_loss=0.0224 | gpu0 util=100% mem=6299/14913MiB (42%) alloc=113MiB reserved=6092MiB peak=5561MiB | gpu1 util=81% mem=6267/14913MiB (42%) alloc=18MiB reserved=6060MiB peak=5503MiB\n"}
,{"stream_name":"stdout","time":487.035412402,"data":"[epoch 1][batch 1210/1639] loss=0.0139 running_loss=0.0223 | gpu0 util=100% mem=6299/14913MiB (42%) alloc=113MiB reserved=6092MiB peak=5561MiB | gpu1 util=82% mem=6267/14913MiB (42%) alloc=18MiB reserved=6060MiB peak=5503MiB\n"}
,{"stream_name":"stdout","time":490.499195026,"data":"[epoch 1][batch 1220/1639] loss=0.0119 running_loss=0.0222 | gpu0 util=100% mem=6299/14913MiB (42%) alloc=113MiB reserved=6092MiB peak=5561MiB | gpu1 util=100% mem=6267/14913MiB (42%) alloc=18MiB reserved=6060MiB peak=5503MiB\n"}
,{"stream_name":"stdout","time":493.947532361,"data":"[epoch 1][batch 1230/1639] loss=0.0143 running_loss=0.0222 | gpu0 util=97% mem=6299/14913MiB (42%) alloc=113MiB reserved=6092MiB peak=5561MiB | gpu1 util=100% mem=6267/14913MiB (42%) alloc=18MiB reserved=6060MiB peak=5503MiB\n"}
,{"stream_name":"stdout","time":497.397476315,"data":"[epoch 1][batch 1240/1639] loss=0.0145 running_loss=0.0221 | gpu0 util=91% mem=6299/14913MiB (42%) alloc=113MiB reserved=6092MiB peak=5561MiB | gpu1 util=100% mem=6267/14913MiB (42%) alloc=18MiB reserved=6060MiB peak=5503MiB\n"}
,{"stream_name":"stdout","time":500.866077783,"data":"[epoch 1][batch 1250/1639] loss=0.0121 running_loss=0.0220 | gpu0 util=84% mem=6299/14913MiB (42%) alloc=113MiB reserved=6092MiB peak=5561MiB | gpu1 util=100% mem=6267/14913MiB (42%) alloc=18MiB reserved=6060MiB peak=5503MiB\n"}
,{"stream_name":"stdout","time":504.332531368,"data":"[epoch 1][batch 1260/1639] loss=0.0139 running_loss=0.0220 | gpu0 util=78% mem=6299/14913MiB (42%) alloc=113MiB reserved=6092MiB peak=5561MiB | gpu1 util=100% mem=6267/14913MiB (42%) alloc=18MiB reserved=6060MiB peak=5503MiB\n"}
,{"stream_name":"stdout","time":507.799069487,"data":"[epoch 1][batch 1270/1639] loss=0.0128 running_loss=0.0219 | gpu0 util=84% mem=6299/14913MiB (42%) alloc=113MiB reserved=6092MiB peak=5561MiB | gpu1 util=94% mem=6267/14913MiB (42%) alloc=18MiB reserved=6060MiB peak=5503MiB\n"}
,{"stream_name":"stdout","time":511.243034602,"data":"[epoch 1][batch 1280/1639] loss=0.0144 running_loss=0.0218 | gpu0 util=100% mem=6299/14913MiB (42%) alloc=113MiB reserved=6092MiB peak=5561MiB | gpu1 util=92% mem=6267/14913MiB (42%) alloc=18MiB reserved=6060MiB peak=5503MiB\n"}
,{"stream_name":"stdout","time":514.891677468,"data":"[epoch 1][batch 1290/1639] loss=0.0113 running_loss=0.0217 | gpu0 util=100% mem=6299/14913MiB (42%) alloc=113MiB reserved=6092MiB peak=5561MiB | gpu1 util=88% mem=6267/14913MiB (42%) alloc=18MiB reserved=6060MiB peak=5503MiB\n"}
,{"stream_name":"stdout","time":518.339061058,"data":"[epoch 1][batch 1300/1639] loss=0.0116 running_loss=0.0217 | gpu0 util=100% mem=6299/14913MiB (42%) alloc=113MiB reserved=6092MiB peak=5561MiB | gpu1 util=87% mem=6267/14913MiB (42%) alloc=18MiB reserved=6060MiB peak=5503MiB\n"}
,{"stream_name":"stdout","time":521.79582782,"data":"[epoch 1][batch 1310/1639] loss=0.0112 running_loss=0.0216 | gpu0 util=100% mem=6299/14913MiB (42%) alloc=113MiB reserved=6092MiB peak=5561MiB | gpu1 util=80% mem=6267/14913MiB (42%) alloc=18MiB reserved=6060MiB peak=5503MiB\n"}
,{"stream_name":"stdout","time":525.235961271,"data":"[epoch 1][batch 1320/1639] loss=0.0147 running_loss=0.0215 | gpu0 util=100% mem=6299/14913MiB (42%) alloc=113MiB reserved=6092MiB peak=5561MiB | gpu1 util=82% mem=6267/14913MiB (42%) alloc=18MiB reserved=6060MiB peak=5503MiB\n"}
,{"stream_name":"stdout","time":528.685576072,"data":"[epoch 1][batch 1330/1639] loss=0.0131 running_loss=0.0215 | gpu0 util=100% mem=6299/14913MiB (42%) alloc=113MiB reserved=6092MiB peak=5561MiB | gpu1 util=82% mem=6267/14913MiB (42%) alloc=18MiB reserved=6060MiB peak=5503MiB\n"}
,{"stream_name":"stdout","time":532.163611313,"data":"[epoch 1][batch 1340/1639] loss=0.0146 running_loss=0.0214 | gpu0 util=100% mem=6299/14913MiB (42%) alloc=113MiB reserved=6092MiB peak=5561MiB | gpu1 util=81% mem=6267/14913MiB (42%) alloc=18MiB reserved=6060MiB peak=5503MiB\n"}
,{"stream_name":"stdout","time":535.610028234,"data":"[epoch 1][batch 1350/1639] loss=0.0110 running_loss=0.0213 | gpu0 util=100% mem=6299/14913MiB (42%) alloc=113MiB reserved=6092MiB peak=5561MiB | gpu1 util=82% mem=6267/14913MiB (42%) alloc=18MiB reserved=6060MiB peak=5503MiB\n"}
,{"stream_name":"stdout","time":539.064285152,"data":"[epoch 1][batch 1360/1639] loss=0.0121 running_loss=0.0213 | gpu0 util=100% mem=6299/14913MiB (42%) alloc=113MiB reserved=6092MiB peak=5561MiB | gpu1 util=99% mem=6267/14913MiB (42%) alloc=18MiB reserved=6060MiB peak=5503MiB\n"}
,{"stream_name":"stdout","time":542.521817211,"data":"[epoch 1][batch 1370/1639] loss=0.0117 running_loss=0.0212 | gpu0 util=100% mem=6299/14913MiB (42%) alloc=113MiB reserved=6092MiB peak=5561MiB | gpu1 util=100% mem=6267/14913MiB (42%) alloc=18MiB reserved=6060MiB peak=5503MiB\n"}
,{"stream_name":"stdout","time":545.977911346,"data":"[epoch 1][batch 1380/1639] loss=0.0120 running_loss=0.0211 | gpu0 util=100% mem=6299/14913MiB (42%) alloc=113MiB reserved=6092MiB peak=5561MiB | gpu1 util=100% mem=6267/14913MiB (42%) alloc=18MiB reserved=6060MiB peak=5503MiB\n"}
,{"stream_name":"stdout","time":549.447733851,"data":"[epoch 1][batch 1390/1639] loss=0.0114 running_loss=0.0211 | gpu0 util=97% mem=6299/14913MiB (42%) alloc=113MiB reserved=6092MiB peak=5561MiB | gpu1 util=100% mem=6267/14913MiB (42%) alloc=18MiB reserved=6060MiB peak=5503MiB\n"}
,{"stream_name":"stdout","time":552.942709041,"data":"[epoch 1][batch 1400/1639] loss=0.0133 running_loss=0.0210 | gpu0 util=82% mem=6299/14913MiB (42%) alloc=113MiB reserved=6092MiB peak=5561MiB | gpu1 util=100% mem=6267/14913MiB (42%) alloc=18MiB reserved=6060MiB peak=5503MiB\n"}
,{"stream_name":"stdout","time":556.38834318,"data":"[epoch 1][batch 1410/1639] loss=0.0123 running_loss=0.0210 | gpu0 util=84% mem=6299/14913MiB (42%) alloc=113MiB reserved=6092MiB peak=5561MiB | gpu1 util=98% mem=6267/14913MiB (42%) alloc=18MiB reserved=6060MiB peak=5503MiB\n"}
,{"stream_name":"stdout","time":559.85076558,"data":"[epoch 1][batch 1420/1639] loss=0.0111 running_loss=0.0209 | gpu0 util=84% mem=6299/14913MiB (42%) alloc=113MiB reserved=6092MiB peak=5561MiB | gpu1 util=88% mem=6267/14913MiB (42%) alloc=18MiB reserved=6060MiB peak=5503MiB\n"}
,{"stream_name":"stdout","time":563.294904032,"data":"[epoch 1][batch 1430/1639] loss=0.0137 running_loss=0.0208 | gpu0 util=85% mem=6299/14913MiB (42%) alloc=113MiB reserved=6092MiB peak=5561MiB | gpu1 util=88% mem=6267/14913MiB (42%) alloc=18MiB reserved=6060MiB peak=5503MiB\n"}
,{"stream_name":"stdout","time":566.739080298,"data":"[epoch 1][batch 1440/1639] loss=0.0126 running_loss=0.0208 | gpu0 util=83% mem=6299/14913MiB (42%) alloc=113MiB reserved=6092MiB peak=5561MiB | gpu1 util=87% mem=6267/14913MiB (42%) alloc=18MiB reserved=6060MiB peak=5503MiB\n"}
,{"stream_name":"stdout","time":570.181001557,"data":"[epoch 1][batch 1450/1639] loss=0.0121 running_loss=0.0207 | gpu0 util=85% mem=6299/14913MiB (42%) alloc=113MiB reserved=6092MiB peak=5561MiB | gpu1 util=84% mem=6267/14913MiB (42%) alloc=18MiB reserved=6060MiB peak=5503MiB\n"}
,{"stream_name":"stdout","time":573.64564225,"data":"[epoch 1][batch 1460/1639] loss=0.0117 running_loss=0.0207 | gpu0 util=100% mem=6299/14913MiB (42%) alloc=113MiB reserved=6092MiB peak=5561MiB | gpu1 util=81% mem=6267/14913MiB (42%) alloc=18MiB reserved=6060MiB peak=5503MiB\n"}
,{"stream_name":"stdout","time":577.290936896,"data":"[epoch 1][batch 1470/1639] loss=0.0107 running_loss=0.0206 | gpu0 util=100% mem=6299/14913MiB (42%) alloc=113MiB reserved=6092MiB peak=5561MiB | gpu1 util=81% mem=6267/14913MiB (42%) alloc=18MiB reserved=6060MiB peak=5503MiB\n"}
,{"stream_name":"stdout","time":580.773297624,"data":"[epoch 1][batch 1480/1639] loss=0.0130 running_loss=0.0205 | gpu0 util=100% mem=6299/14913MiB (42%) alloc=113MiB reserved=6092MiB peak=5561MiB | gpu1 util=100% mem=6267/14913MiB (42%) alloc=18MiB reserved=6060MiB peak=5503MiB\n"}
,{"stream_name":"stdout","time":584.266808518,"data":"[epoch 1][batch 1490/1639] loss=0.0136 running_loss=0.0205 | gpu0 util=97% mem=6299/14913MiB (42%) alloc=113MiB reserved=6092MiB peak=5561MiB | gpu1 util=100% mem=6267/14913MiB (42%) alloc=18MiB reserved=6060MiB peak=5503MiB\n"}
,{"stream_name":"stdout","time":587.740336678,"data":"[epoch 1][batch 1500/1639] loss=0.0119 running_loss=0.0204 | gpu0 util=85% mem=6299/14913MiB (42%) alloc=113MiB reserved=6092MiB peak=5561MiB | gpu1 util=100% mem=6267/14913MiB (42%) alloc=18MiB reserved=6060MiB peak=5503MiB\n"}
,{"stream_name":"stdout","time":591.226355852,"data":"[epoch 1][batch 1510/1639] loss=0.0138 running_loss=0.0204 | gpu0 util=83% mem=6299/14913MiB (42%) alloc=113MiB reserved=6092MiB peak=5561MiB | gpu1 util=85% mem=6267/14913MiB (42%) alloc=18MiB reserved=6060MiB peak=5503MiB\n"}
,{"stream_name":"stdout","time":594.687504641,"data":"[epoch 1][batch 1520/1639] loss=0.0124 running_loss=0.0203 | gpu0 util=85% mem=6299/14913MiB (42%) alloc=113MiB reserved=6092MiB peak=5561MiB | gpu1 util=83% mem=6267/14913MiB (42%) alloc=18MiB reserved=6060MiB peak=5503MiB\n"}
,{"stream_name":"stdout","time":598.145308753,"data":"[epoch 1][batch 1530/1639] loss=0.0107 running_loss=0.0203 | gpu0 util=100% mem=6299/14913MiB (42%) alloc=113MiB reserved=6092MiB peak=5561MiB | gpu1 util=81% mem=6267/14913MiB (42%) alloc=18MiB reserved=6060MiB peak=5503MiB\n"}
,{"stream_name":"stdout","time":601.624018536,"data":"[epoch 1][batch 1540/1639] loss=0.0111 running_loss=0.0202 | gpu0 util=98% mem=6299/14913MiB (42%) alloc=113MiB reserved=6092MiB peak=5561MiB | gpu1 util=73% mem=6267/14913MiB (42%) alloc=18MiB reserved=6060MiB peak=5503MiB\n"}
,{"stream_name":"stdout","time":605.089089031,"data":"[epoch 1][batch 1550/1639] loss=0.0128 running_loss=0.0202 | gpu0 util=100% mem=6299/14913MiB (42%) alloc=113MiB reserved=6092MiB peak=5561MiB | gpu1 util=100% mem=6267/14913MiB (42%) alloc=18MiB reserved=6060MiB peak=5503MiB\n"}
,{"stream_name":"stdout","time":608.550716707,"data":"[epoch 1][batch 1560/1639] loss=0.0110 running_loss=0.0201 | gpu0 util=100% mem=6299/14913MiB (42%) alloc=113MiB reserved=6092MiB peak=5561MiB | gpu1 util=100% mem=6267/14913MiB (42%) alloc=18MiB reserved=6060MiB peak=5503MiB\n"}
,{"stream_name":"stdout","time":612.034225994,"data":"[epoch 1][batch 1570/1639] loss=0.0112 running_loss=0.0200 | gpu0 util=100% mem=6299/14913MiB (42%) alloc=113MiB reserved=6092MiB peak=5561MiB | gpu1 util=100% mem=6267/14913MiB (42%) alloc=18MiB reserved=6060MiB peak=5503MiB\n"}
,{"stream_name":"stdout","time":615.51941291,"data":"[epoch 1][batch 1580/1639] loss=0.0113 running_loss=0.0200 | gpu0 util=84% mem=6299/14913MiB (42%) alloc=113MiB reserved=6092MiB peak=5561MiB | gpu1 util=96% mem=6267/14913MiB (42%) alloc=18MiB reserved=6060MiB peak=5503MiB\n"}
,{"stream_name":"stdout","time":618.994808712,"data":"[epoch 1][batch 1590/1639] loss=0.0142 running_loss=0.0199 | gpu0 util=85% mem=6299/14913MiB (42%) alloc=113MiB reserved=6092MiB peak=5561MiB | gpu1 util=82% mem=6267/14913MiB (42%) alloc=18MiB reserved=6060MiB peak=5503MiB\n"}
,{"stream_name":"stdout","time":622.476891766,"data":"[epoch 1][batch 1600/1639] loss=0.0107 running_loss=0.0199 | gpu0 util=100% mem=6299/14913MiB (42%) alloc=113MiB reserved=6092MiB peak=5561MiB | gpu1 util=82% mem=6267/14913MiB (42%) alloc=18MiB reserved=6060MiB peak=5503MiB\n"}
,{"stream_name":"stdout","time":625.940134084,"data":"[epoch 1][batch 1610/1639] loss=0.0109 running_loss=0.0199 | gpu0 util=100% mem=6299/14913MiB (42%) alloc=113MiB reserved=6092MiB peak=5561MiB | gpu1 util=100% mem=6267/14913MiB (42%) alloc=18MiB reserved=6060MiB peak=5503MiB\n"}
,{"stream_name":"stdout","time":629.409658443,"data":"[epoch 1][batch 1620/1639] loss=0.0128 running_loss=0.0198 | gpu0 util=100% mem=6299/14913MiB (42%) alloc=113MiB reserved=6092MiB peak=5561MiB | gpu1 util=100% mem=6267/14913MiB (42%) alloc=18MiB reserved=6060MiB peak=5503MiB\n"}
,{"stream_name":"stdout","time":632.888812889,"data":"[epoch 1][batch 1630/1639] loss=0.0134 running_loss=0.0198 | gpu0 util=100% mem=6299/14913MiB (42%) alloc=113MiB reserved=6092MiB peak=5561MiB | gpu1 util=100% mem=6267/14913MiB (42%) alloc=18MiB reserved=6060MiB peak=5503MiB\n"}
,{"stream_name":"stdout","time":635.988197112,"data":"[epoch 1][batch 1639/1639] loss=0.0117 running_loss=0.0197 | gpu0 util=88% mem=6299/14913MiB (42%) alloc=113MiB reserved=6092MiB peak=5561MiB | gpu1 util=76% mem=6267/14913MiB (42%) alloc=18MiB reserved=6060MiB peak=5503MiB\n"}
,{"stream_name":"stdout","time":698.278211085,"data":"[epoch 1] loss=0.0197 f1_macro=0.4486 roc_auc_macro=0.9737 roc_labels=201/206\n"}
,{"stream_name":"stderr","time":707.774933432,"data":"/usr/local/lib/python3.12/dist-packages/mistune.py:435: SyntaxWarning: invalid escape sequence '\\|'\n"}
,{"stream_name":"stderr","time":707.774968797,"data":"  cells[i][c] = re.sub('\\\\\\\\\\|', '|', cell)\n"}
,{"stream_name":"stderr","time":708.380796893,"data":"/usr/local/lib/python3.12/dist-packages/nbconvert/filters/filter_links.py:36: SyntaxWarning: invalid escape sequence '\\_'\n"}
,{"stream_name":"stderr","time":708.380848132,"data":"  text = re.sub(r'_', '\\_', text) # Escape underscores in display text\n"}
,{"stream_name":"stderr","time":709.715449442,"data":"[NbConvertApp] Converting notebook __script__.ipynb to html\n"}
,{"stream_name":"stderr","time":711.569598963,"data":"[NbConvertApp] Writing 371424 bytes to __results__.html\n"}
]