[{"stream_name":"stdout","time":0.843489242,"data":"[lab bootstrap] staged flattened lab package from /kaggle/input/datasets/maxnoellewying/lab-agent-src\n"}
,{"stream_name":"stdout","time":0.843548053,"data":"[lab bootstrap] lab source on sys.path from /tmp/lab-staged-_xc_2jdo\n"}
,{"stream_name":"stdout","time":30.468205432,"data":"[lab bootstrap] AGENT_PROCESSED_DIR = /kaggle/input/datasets/maxnoellewying/birdclef-2026-preprocessed/processed\n"}
,{"stream_name":"stdout","time":42.303184871,"data":"Downloading: \"https://download.pytorch.org/models/efficientnet_b0_rwightman-7f5810bc.pth\" to /root/.cache/torch/hub/checkpoints/efficientnet_b0_rwightman-7f5810bc.pth\n"}
,{"stream_name":"stderr","time":42.558803946,"data":"\r  0%|          | 0.00/20.5M [00:00\u003c?, ?B/s]\r 79%|███████▉  | 16.1M/20.5M [00:00\u003c00:00, 169MB/s]\r100%|██████████| 20.5M/20.5M [00:00\u003c00:00, 176MB/s]\n"}
,{"stream_name":"stderr","time":23238.696490709,"data":"/usr/local/lib/python3.12/dist-packages/sklearn/metrics/_ranking.py:379: UndefinedMetricWarning: Only one class is present in y_true. ROC AUC score is not defined in that case.\n"}
,{"stream_name":"stderr","time":23238.696564118,"data":"  warnings.warn(\n"}
,{"stream_name":"stderr","time":23238.733477506,"data":"/usr/local/lib/python3.12/dist-packages/sklearn/metrics/_ranking.py:379: UndefinedMetricWarning: Only one class is present in y_true. ROC AUC score is not defined in that case.\n"}
,{"stream_name":"stderr","time":23238.733510459,"data":"  warnings.warn(\n"}
,{"stream_name":"stderr","time":23238.744839039,"data":"/usr/local/lib/python3.12/dist-packages/sklearn/metrics/_ranking.py:379: UndefinedMetricWarning: Only one class is present in y_true. ROC AUC score is not defined in that case.\n"}
,{"stream_name":"stderr","time":23238.744868192,"data":"  warnings.warn(\n"}
,{"stream_name":"stderr","time":23238.756347434,"data":"/usr/local/lib/python3.12/dist-packages/sklearn/metrics/_ranking.py:379: UndefinedMetricWarning: Only one class is present in y_true. ROC AUC score is not defined in that case.\n"}
,{"stream_name":"stderr","time":23238.756374989,"data":"  warnings.warn(\n"}
,{"stream_name":"stderr","time":23238.78751312,"data":"/usr/local/lib/python3.12/dist-packages/sklearn/metrics/_ranking.py:379: UndefinedMetricWarning: Only one class is present in y_true. ROC AUC score is not defined in that case.\n"}
,{"stream_name":"stderr","time":23238.787540204,"data":"  warnings.warn(\n"}
,{"stream_name":"stdout","time":23239.6456439,"data":"[epoch 1] loss=0.0158 f1_macro=0.5086 roc_auc_macro=nan\n"}
,{"stream_name":"stderr","time":23244.743928366,"data":"/usr/local/lib/python3.12/dist-packages/mistune.py:435: SyntaxWarning: invalid escape sequence '\\|'\n"}
,{"stream_name":"stderr","time":23244.743970132,"data":"  cells[i][c] = re.sub('\\\\\\\\\\|', '|', cell)\n"}
,{"stream_name":"stderr","time":23245.004991499,"data":"/usr/local/lib/python3.12/dist-packages/nbconvert/filters/filter_links.py:36: SyntaxWarning: invalid escape sequence '\\_'\n"}
,{"stream_name":"stderr","time":23245.005024403,"data":"  text = re.sub(r'_', '\\_', text) # Escape underscores in display text\n"}
,{"stream_name":"stderr","time":23245.798333752,"data":"[NbConvertApp] Converting notebook __script__.ipynb to html\n"}
,{"stream_name":"stderr","time":23246.995433204,"data":"[NbConvertApp] Writing 330748 bytes to __results__.html\n"}
]