[{"stream_name":"stdout","time":2.145539386,"data":"[lab bootstrap] staged flattened lab package from /kaggle/input/datasets/maxnoellewying/lab-agent-src\n"}
,{"stream_name":"stdout","time":2.145573963,"data":"[lab bootstrap] lab source on sys.path from /tmp/lab-staged-ksw1ybl4\n"}
,{"stream_name":"stdout","time":74.089452735,"data":"[lab bootstrap] AGENT_PROCESSED_DIR = /kaggle/input/datasets/maxnoellewying/birdclef-2026-preprocessed/processed\n"}
,{"stream_name":"stdout","time":84.958250848,"data":"[lab bootstrap] AGENT_DEVICE=cuda | torch.cuda.is_available=True | gpu=Tesla T4\n"}
,{"stream_name":"stdout","time":93.664803844,"data":"Downloading: \"https://download.pytorch.org/models/efficientnet_b0_rwightman-7f5810bc.pth\" to /root/.cache/torch/hub/checkpoints/efficientnet_b0_rwightman-7f5810bc.pth\n"}
,{"stream_name":"stderr","time":93.942013685,"data":"\r  0%|          | 0.00/20.5M [00:00\u003c?, ?B/s]\r 49%|████▉     | 10.0M/20.5M [00:00\u003c00:00, 105MB/s]\r100%|██████████| 20.5M/20.5M [00:00\u003c00:00, 150MB/s]\n"}
,{"stream_name":"stdout","time":94.316649651,"data":"[skeleton] DataParallel across 2 GPUs. total BATCH_SIZE=64\n"}
,{"stream_name":"stdout","time":97.619997234,"data":"[epoch 1][batch 1/3278] loss=0.0477 running_loss=0.0477\n"}
,{"stream_name":"stdout","time":100.176142692,"data":"[epoch 1][batch 10/3278] loss=0.0043 running_loss=0.0154\n"}
,{"stream_name":"stdout","time":103.025720555,"data":"[epoch 1][batch 20/3278] loss=0.0021 running_loss=0.0105\n"}
,{"stream_name":"stdout","time":105.887639016,"data":"[epoch 1][batch 30/3278] loss=0.0056 running_loss=0.0084\n"}
,{"stream_name":"stdout","time":108.743630183,"data":"[epoch 1][batch 40/3278] loss=0.0021 running_loss=0.0073\n"}
,{"stream_name":"stdout","time":111.61449738,"data":"[epoch 1][batch 50/3278] loss=0.0053 running_loss=0.0067\n"}
,{"stream_name":"stdout","time":114.487702179,"data":"[epoch 1][batch 60/3278] loss=0.0042 running_loss=0.0063\n"}
,{"stream_name":"stdout","time":117.368513665,"data":"[epoch 1][batch 70/3278] loss=0.0043 running_loss=0.0059\n"}
,{"stream_name":"stdout","time":120.257413043,"data":"[epoch 1][batch 80/3278] loss=0.0030 running_loss=0.0058\n"}
,{"stream_name":"stdout","time":123.154848554,"data":"[epoch 1][batch 90/3278] loss=0.0024 running_loss=0.0055\n"}
,{"stream_name":"stdout","time":126.049207154,"data":"[epoch 1][batch 100/3278] loss=0.0028 running_loss=0.0053\n"}
,{"stream_name":"stdout","time":128.958384343,"data":"[epoch 1][batch 110/3278] loss=0.0026 running_loss=0.0052\n"}
,{"stream_name":"stdout","time":131.867760171,"data":"[epoch 1][batch 120/3278] loss=0.0029 running_loss=0.0051\n"}
]