device: mps
loading data...
data loaded: 206 classes, 186478 train samples, 46623 val samples
model built: 4,314,076 parameters
epoch 1/3 starting (1456 batches)...
  epoch 1 [ 10.0%] batch 145/1456 loss=0.4566
  epoch 1 [ 19.9%] batch 290/1456 loss=0.3448
  epoch 1 [ 29.9%] batch 435/1456 loss=0.3478
  epoch 1 [ 39.8%] batch 580/1456 loss=0.3054
  epoch 1 [ 49.8%] batch 725/1456 loss=0.2770
  epoch 1 [ 59.8%] batch 870/1456 loss=0.2662
  epoch 1 [ 69.7%] batch 1015/1456 loss=0.2646
  epoch 1 [ 79.7%] batch 1160/1456 loss=0.2353
  epoch 1 [ 89.6%] batch 1305/1456 loss=0.2544
  epoch 1 [ 99.6%] batch 1450/1456 loss=0.2152
  epoch 1 [100.0%] batch 1456/1456 loss=0.2418
epoch 1: running validation...
epoch 1/3 done: loss=0.3188 f1=0.3371 roc_auc=0.9511 cmap@5=0.2968
epoch 2/3 starting (1456 batches)...
  epoch 2 [ 10.0%] batch 145/1456 loss=0.2274
  epoch 2 [ 19.9%] batch 290/1456 loss=0.2452
  epoch 2 [ 29.9%] batch 435/1456 loss=0.1886
  epoch 2 [ 39.8%] batch 580/1456 loss=0.1937
  epoch 2 [ 49.8%] batch 725/1456 loss=0.1754
  epoch 2 [ 59.8%] batch 870/1456 loss=0.1620
  epoch 2 [ 69.7%] batch 1015/1456 loss=0.1691
  epoch 2 [ 79.7%] batch 1160/1456 loss=0.2020
  epoch 2 [ 89.6%] batch 1305/1456 loss=0.1674
  epoch 2 [ 99.6%] batch 1450/1456 loss=0.1688
  epoch 2 [100.0%] batch 1456/1456 loss=0.1588
epoch 2: running validation...
epoch 2/3 done: loss=0.1956 f1=0.4963 roc_auc=0.9728 cmap@5=0.4836
epoch 3/3 starting (1456 batches)...
  epoch 3 [ 10.0%] batch 145/1456 loss=0.1345
  epoch 3 [ 19.9%] batch 290/1456 loss=0.1397
  epoch 3 [ 29.9%] batch 435/1456 loss=0.1191
  epoch 3 [ 39.8%] batch 580/1456 loss=0.1278
  epoch 3 [ 49.8%] batch 725/1456 loss=0.1497
  epoch 3 [ 59.8%] batch 870/1456 loss=0.1411
  epoch 3 [ 69.7%] batch 1015/1456 loss=0.1439
  epoch 3 [ 79.7%] batch 1160/1456 loss=0.1711
  epoch 3 [ 89.6%] batch 1305/1456 loss=0.1312
  epoch 3 [ 99.6%] batch 1450/1456 loss=0.1253
  epoch 3 [100.0%] batch 1456/1456 loss=0.1263
epoch 3: running validation...
epoch 3/3 done: loss=0.1414 f1=0.5858 roc_auc=0.9825 cmap@5=0.5929
all done: f1=0.5858 roc_auc=0.9825 cmap@5=0.5929
