device: mps
loading data...
data loaded: 206 classes, 186478 train samples, 46623 val samples
model built: 4,271,434 parameters
epoch 1/7 starting (1457 batches)...
  epoch 1 [ 10.0%] batch 145/1457 loss=0.4132
  epoch 1 [ 19.9%] batch 290/1457 loss=0.3479
  epoch 1 [ 29.9%] batch 435/1457 loss=0.3260
  epoch 1 [ 39.8%] batch 580/1457 loss=0.2368
  epoch 1 [ 49.8%] batch 725/1457 loss=0.2289
  epoch 1 [ 59.7%] batch 870/1457 loss=0.2387
  epoch 1 [ 69.7%] batch 1015/1457 loss=0.2520
  epoch 1 [ 79.6%] batch 1160/1457 loss=0.2508
  epoch 1 [ 89.6%] batch 1305/1457 loss=0.2237
  epoch 1 [ 99.5%] batch 1450/1457 loss=0.2000
  epoch 1 [100.0%] batch 1457/1457 loss=0.2511
epoch 1: running validation...
epoch 1/7 done: loss=0.2921 roc_auc=0.9580 cmap@5=0.3585 f1=0.1905
epoch 2/7 starting (1457 batches)...
  epoch 2 [ 10.0%] batch 145/1457 loss=0.1920
  epoch 2 [ 19.9%] batch 290/1457 loss=0.1665
  epoch 2 [ 29.9%] batch 435/1457 loss=0.1703
  epoch 2 [ 39.8%] batch 580/1457 loss=0.1985
  epoch 2 [ 49.8%] batch 725/1457 loss=0.2178
  epoch 2 [ 59.7%] batch 870/1457 loss=0.1642
  epoch 2 [ 69.7%] batch 1015/1457 loss=0.1656
  epoch 2 [ 79.6%] batch 1160/1457 loss=0.1570
  epoch 2 [ 89.6%] batch 1305/1457 loss=0.1621
  epoch 2 [ 99.5%] batch 1450/1457 loss=0.1480
  epoch 2 [100.0%] batch 1457/1457 loss=0.1667
epoch 2: running validation...
epoch 2/7 done: loss=0.1814 roc_auc=0.9739 cmap@5=0.5185 f1=0.2611
epoch 3/7 starting (1457 batches)...
  epoch 3 [ 10.0%] batch 145/1457 loss=0.1394
  epoch 3 [ 19.9%] batch 290/1457 loss=0.1441
  epoch 3 [ 29.9%] batch 435/1457 loss=0.1809
  epoch 3 [ 39.8%] batch 580/1457 loss=0.1479
  epoch 3 [ 49.8%] batch 725/1457 loss=0.1767
  epoch 3 [ 59.7%] batch 870/1457 loss=0.1360
  epoch 3 [ 69.7%] batch 1015/1457 loss=0.1415
  epoch 3 [ 79.6%] batch 1160/1457 loss=0.1197
  epoch 3 [ 89.6%] batch 1305/1457 loss=0.1346
  epoch 3 [ 99.5%] batch 1450/1457 loss=0.1411
  epoch 3 [100.0%] batch 1457/1457 loss=0.1279
epoch 3: running validation...
epoch 3/7 done: loss=0.1399 roc_auc=0.9817 cmap@5=0.6132 f1=0.3088
epoch 4/7 starting (1457 batches)...
  epoch 4 [ 10.0%] batch 145/1457 loss=0.1103
  epoch 4 [ 19.9%] batch 290/1457 loss=0.1146
  epoch 4 [ 29.9%] batch 435/1457 loss=0.0984
  epoch 4 [ 39.8%] batch 580/1457 loss=0.1201
  epoch 4 [ 49.8%] batch 725/1457 loss=0.0904
  epoch 4 [ 59.7%] batch 870/1457 loss=0.1354
  epoch 4 [ 69.7%] batch 1015/1457 loss=0.1217
  epoch 4 [ 79.6%] batch 1160/1457 loss=0.1024
  epoch 4 [ 89.6%] batch 1305/1457 loss=0.1230
  epoch 4 [ 99.5%] batch 1450/1457 loss=0.0935
  epoch 4 [100.0%] batch 1457/1457 loss=0.1017
epoch 4: running validation...
epoch 4/7 done: loss=0.1081 roc_auc=0.9857 cmap@5=0.6913 f1=0.3627
epoch 5/7 starting (1457 batches)...
  epoch 5 [ 10.0%] batch 145/1457 loss=0.0628
  epoch 5 [ 19.9%] batch 290/1457 loss=0.0827
  epoch 5 [ 29.9%] batch 435/1457 loss=0.0734
  epoch 5 [ 39.8%] batch 580/1457 loss=0.0815
  epoch 5 [ 49.8%] batch 725/1457 loss=0.0815
  epoch 5 [ 59.7%] batch 870/1457 loss=0.0845
  epoch 5 [ 69.7%] batch 1015/1457 loss=0.0744
  epoch 5 [ 79.6%] batch 1160/1457 loss=0.0946
  epoch 5 [ 89.6%] batch 1305/1457 loss=0.0744
  epoch 5 [ 99.5%] batch 1450/1457 loss=0.0903
  epoch 5 [100.0%] batch 1457/1457 loss=0.1073
epoch 5: running validation...
epoch 5/7 done: loss=0.0805 roc_auc=0.9882 cmap@5=0.7544 f1=0.4266
epoch 6/7 starting (1457 batches)...
  epoch 6 [ 10.0%] batch 145/1457 loss=0.0568
  epoch 6 [ 19.9%] batch 290/1457 loss=0.0585
  epoch 6 [ 29.9%] batch 435/1457 loss=0.0604
  epoch 6 [ 39.8%] batch 580/1457 loss=0.0637
  epoch 6 [ 49.8%] batch 725/1457 loss=0.0576
  epoch 6 [ 59.7%] batch 870/1457 loss=0.0574
  epoch 6 [ 69.7%] batch 1015/1457 loss=0.0514
  epoch 6 [ 79.6%] batch 1160/1457 loss=0.0548
  epoch 6 [ 89.6%] batch 1305/1457 loss=0.0637
  epoch 6 [ 99.5%] batch 1450/1457 loss=0.0548
  epoch 6 [100.0%] batch 1457/1457 loss=0.0588
epoch 6: running validation...
epoch 6/7 done: loss=0.0588 roc_auc=0.9898 cmap@5=0.7924 f1=0.4594
epoch 7/7 starting (1457 batches)...
  epoch 7 [ 10.0%] batch 145/1457 loss=0.0474
  epoch 7 [ 19.9%] batch 290/1457 loss=0.0400
  epoch 7 [ 29.9%] batch 435/1457 loss=0.0540
  epoch 7 [ 39.8%] batch 580/1457 loss=0.0515
  epoch 7 [ 49.8%] batch 725/1457 loss=0.0477
  epoch 7 [ 59.7%] batch 870/1457 loss=0.0454
  epoch 7 [ 69.7%] batch 1015/1457 loss=0.0407
  epoch 7 [ 79.6%] batch 1160/1457 loss=0.0353
  epoch 7 [ 89.6%] batch 1305/1457 loss=0.0393
  epoch 7 [ 99.5%] batch 1450/1457 loss=0.0526
  epoch 7 [100.0%] batch 1457/1457 loss=0.0328
epoch 7: running validation...
epoch 7/7 done: loss=0.0460 roc_auc=0.9901 cmap@5=0.8058 f1=0.5248
all done: roc_auc=0.9901 cmap@5=0.8058 f1=0.5248
