2026-05-06T21:34:04.982748+00:00 [INFO] study_start task=track_b
2026-05-06T21:34:04.983928+00:00 [INFO] experiment_start index=0 id=exp_0000
2026-05-06T21:34:13.562349+00:00 [INFO] validate attempt=0 ok=False error_type=SmokeFailed
2026-05-06T21:34:27.402721+00:00 [INFO] validate attempt=1 ok=True error_type=None
2026-05-06T21:34:27.404194+00:00 [INFO] execute phase=started attempt=0 timeout_s=18000 cmd_env={'AGENT_DEVICE': 'mps', 'AGENT_BATCH_SIZE': '64', 'AGENT_NUM_WORKERS': '8', 'AGENT_EPOCHS': '10', 'AGENT_PROCESSED_DIR': '/Users/max/Documents/Master/Courses/Advanced Predictive Analytics/Group Work/advanced-topics-in-predictive-analytics-group/data/processed/mels', 'AGENT_CHECKPOINT_OUT': '/Users/max/Documents/Master/Courses/Advanced Predictive Analytics/Group Work/advanced-topics-in-predictive-analytics-group/sandbox/study_20260506_213404_wkai/exp_0000/checkpoint.pt', 'AGENT_SEED': '42', 'AGENT_LR': '0.001', 'AGENT_LR_SCHEDULE': 'cosine', 'AGENT_WEIGHT_DECAY': '0.0001'}
2026-05-06T21:34:33.431461+00:00 [INFO] execute phase=finished attempt=0 succeeded=False error_type=RuntimeError duration_s=6.02510704100132
2026-05-06T21:34:40.985325+00:00 [INFO] execute phase=started attempt=1 timeout_s=18000 cmd_env={'AGENT_DEVICE': 'mps', 'AGENT_BATCH_SIZE': '64', 'AGENT_NUM_WORKERS': '8', 'AGENT_EPOCHS': '10', 'AGENT_PROCESSED_DIR': '/Users/max/Documents/Master/Courses/Advanced Predictive Analytics/Group Work/advanced-topics-in-predictive-analytics-group/data/processed/mels', 'AGENT_CHECKPOINT_OUT': '/Users/max/Documents/Master/Courses/Advanced Predictive Analytics/Group Work/advanced-topics-in-predictive-analytics-group/sandbox/study_20260506_213404_wkai/exp_0000/checkpoint.pt', 'AGENT_SEED': '42', 'AGENT_LR': '0.001', 'AGENT_LR_SCHEDULE': 'cosine', 'AGENT_WEIGHT_DECAY': '0.0001'}
2026-05-06T21:34:47.026040+00:00 [INFO] execute phase=finished attempt=1 succeeded=False error_type=RuntimeError duration_s=6.036110708955675
2026-05-06T21:35:43.491092+00:00 [INFO] execute phase=started attempt=2 timeout_s=18000 cmd_env={'AGENT_DEVICE': 'mps', 'AGENT_BATCH_SIZE': '64', 'AGENT_NUM_WORKERS': '8', 'AGENT_EPOCHS': '10', 'AGENT_PROCESSED_DIR': '/Users/max/Documents/Master/Courses/Advanced Predictive Analytics/Group Work/advanced-topics-in-predictive-analytics-group/data/processed/mels', 'AGENT_CHECKPOINT_OUT': '/Users/max/Documents/Master/Courses/Advanced Predictive Analytics/Group Work/advanced-topics-in-predictive-analytics-group/sandbox/study_20260506_213404_wkai/exp_0000/checkpoint.pt', 'AGENT_SEED': '42', 'AGENT_LR': '0.001', 'AGENT_LR_SCHEDULE': 'cosine', 'AGENT_WEIGHT_DECAY': '0.0001'}
2026-05-06T21:35:49.534343+00:00 [INFO] execute phase=finished attempt=2 succeeded=False error_type=RuntimeError duration_s=6.039107500051614
2026-05-06T21:36:44.785444+00:00 [INFO] execute phase=started attempt=3 timeout_s=18000 cmd_env={'AGENT_DEVICE': 'mps', 'AGENT_BATCH_SIZE': '64', 'AGENT_NUM_WORKERS': '8', 'AGENT_EPOCHS': '10', 'AGENT_PROCESSED_DIR': '/Users/max/Documents/Master/Courses/Advanced Predictive Analytics/Group Work/advanced-topics-in-predictive-analytics-group/data/processed/mels', 'AGENT_CHECKPOINT_OUT': '/Users/max/Documents/Master/Courses/Advanced Predictive Analytics/Group Work/advanced-topics-in-predictive-analytics-group/sandbox/study_20260506_213404_wkai/exp_0000/checkpoint.pt', 'AGENT_SEED': '42', 'AGENT_LR': '0.001', 'AGENT_LR_SCHEDULE': 'cosine', 'AGENT_WEIGHT_DECAY': '0.0001'}
2026-05-06T21:36:50.823040+00:00 [INFO] execute phase=finished attempt=3 succeeded=False error_type=RuntimeError duration_s=6.033764749998227
2026-05-06T21:37:03.144847+00:00 [INFO] execute phase=started attempt=4 timeout_s=18000 cmd_env={'AGENT_DEVICE': 'mps', 'AGENT_BATCH_SIZE': '64', 'AGENT_NUM_WORKERS': '8', 'AGENT_EPOCHS': '10', 'AGENT_PROCESSED_DIR': '/Users/max/Documents/Master/Courses/Advanced Predictive Analytics/Group Work/advanced-topics-in-predictive-analytics-group/data/processed/mels', 'AGENT_CHECKPOINT_OUT': '/Users/max/Documents/Master/Courses/Advanced Predictive Analytics/Group Work/advanced-topics-in-predictive-analytics-group/sandbox/study_20260506_213404_wkai/exp_0000/checkpoint.pt', 'AGENT_SEED': '42', 'AGENT_LR': '0.001', 'AGENT_LR_SCHEDULE': 'cosine', 'AGENT_WEIGHT_DECAY': '0.0001'}
2026-05-06T21:37:09.181755+00:00 [INFO] execute phase=finished attempt=4 succeeded=False error_type=RuntimeError duration_s=6.0326591249904595
2026-05-06T21:37:15.752417+00:00 [INFO] execute phase=started attempt=5 timeout_s=18000 cmd_env={'AGENT_DEVICE': 'mps', 'AGENT_BATCH_SIZE': '64', 'AGENT_NUM_WORKERS': '8', 'AGENT_EPOCHS': '10', 'AGENT_PROCESSED_DIR': '/Users/max/Documents/Master/Courses/Advanced Predictive Analytics/Group Work/advanced-topics-in-predictive-analytics-group/data/processed/mels', 'AGENT_CHECKPOINT_OUT': '/Users/max/Documents/Master/Courses/Advanced Predictive Analytics/Group Work/advanced-topics-in-predictive-analytics-group/sandbox/study_20260506_213404_wkai/exp_0000/checkpoint.pt', 'AGENT_SEED': '42', 'AGENT_LR': '0.001', 'AGENT_LR_SCHEDULE': 'cosine', 'AGENT_WEIGHT_DECAY': '0.0001'}
2026-05-06T21:37:21.794842+00:00 [INFO] execute phase=finished attempt=5 succeeded=False error_type=RuntimeError duration_s=6.0386422500014305
2026-05-06T21:37:21.798759+00:00 [ERROR] experiment_end id=exp_0000 succeeded=False
2026-05-06T21:37:21.800822+00:00 [INFO] experiment_start index=1 id=exp_0001
2026-05-06T21:37:26.573424+00:00 [INFO] validate attempt=0 ok=True error_type=None
2026-05-06T21:37:26.574594+00:00 [INFO] execute phase=started attempt=0 timeout_s=18000 cmd_env={'AGENT_DEVICE': 'mps', 'AGENT_BATCH_SIZE': '64', 'AGENT_NUM_WORKERS': '8', 'AGENT_EPOCHS': '10', 'AGENT_PROCESSED_DIR': '/Users/max/Documents/Master/Courses/Advanced Predictive Analytics/Group Work/advanced-topics-in-predictive-analytics-group/data/processed/mels', 'AGENT_CHECKPOINT_OUT': '/Users/max/Documents/Master/Courses/Advanced Predictive Analytics/Group Work/advanced-topics-in-predictive-analytics-group/sandbox/study_20260506_213404_wkai/exp_0001/checkpoint.pt', 'AGENT_SEED': '42', 'AGENT_LR': '0.001', 'AGENT_LR_SCHEDULE': 'cosine', 'AGENT_WEIGHT_DECAY': '0.0001'}
2026-05-06T22:52:59.555885+00:00 [INFO] execute phase=finished attempt=0 succeeded=True error_type=None duration_s=4532.929046124977
2026-05-06T22:53:04.548881+00:00 [INFO] experiment_end id=exp_0001 succeeded=True score=0.5436622193377458
2026-05-06T22:53:04.551097+00:00 [INFO] experiment_start index=2 id=exp_0002
2026-05-06T22:53:09.405907+00:00 [INFO] validate attempt=0 ok=True error_type=None
2026-05-06T22:53:09.407347+00:00 [INFO] execute phase=started attempt=0 timeout_s=18000 cmd_env={'AGENT_DEVICE': 'mps', 'AGENT_BATCH_SIZE': '64', 'AGENT_NUM_WORKERS': '8', 'AGENT_EPOCHS': '10', 'AGENT_PROCESSED_DIR': '/Users/max/Documents/Master/Courses/Advanced Predictive Analytics/Group Work/advanced-topics-in-predictive-analytics-group/data/processed/mels', 'AGENT_CHECKPOINT_OUT': '/Users/max/Documents/Master/Courses/Advanced Predictive Analytics/Group Work/advanced-topics-in-predictive-analytics-group/sandbox/study_20260506_213404_wkai/exp_0002/checkpoint.pt', 'AGENT_SEED': '42', 'AGENT_LR': '0.001', 'AGENT_LR_SCHEDULE': 'cosine', 'AGENT_WEIGHT_DECAY': '0.0001'}
2026-05-07T00:08:35.107094+00:00 [INFO] execute phase=finished attempt=0 succeeded=True error_type=None duration_s=4525.771028334042
2026-05-07T00:08:39.867849+00:00 [INFO] experiment_end id=exp_0002 succeeded=True score=0.5436622193377458
2026-05-07T00:08:39.870403+00:00 [INFO] experiment_start index=3 id=exp_0003
2026-05-07T00:08:44.915595+00:00 [INFO] validate attempt=0 ok=True error_type=None
2026-05-07T00:08:44.916970+00:00 [INFO] execute phase=started attempt=0 timeout_s=18000 cmd_env={'AGENT_DEVICE': 'mps', 'AGENT_BATCH_SIZE': '64', 'AGENT_NUM_WORKERS': '8', 'AGENT_EPOCHS': '10', 'AGENT_PROCESSED_DIR': '/Users/max/Documents/Master/Courses/Advanced Predictive Analytics/Group Work/advanced-topics-in-predictive-analytics-group/data/processed/mels', 'AGENT_CHECKPOINT_OUT': '/Users/max/Documents/Master/Courses/Advanced Predictive Analytics/Group Work/advanced-topics-in-predictive-analytics-group/sandbox/study_20260506_213404_wkai/exp_0003/checkpoint.pt', 'AGENT_SEED': '42', 'AGENT_LR': '0.001', 'AGENT_LR_SCHEDULE': 'cosine', 'AGENT_WEIGHT_DECAY': '0.0001'}
2026-05-07T01:23:52.745276+00:00 [INFO] execute phase=finished attempt=0 succeeded=True error_type=None duration_s=4507.735215167049
2026-05-07T01:23:57.273081+00:00 [INFO] experiment_end id=exp_0003 succeeded=True score=0.5436622193377458
2026-05-07T01:23:57.275497+00:00 [INFO] experiment_start index=4 id=exp_0004
2026-05-07T01:24:02.247158+00:00 [INFO] validate attempt=0 ok=True error_type=None
2026-05-07T01:24:02.248401+00:00 [INFO] execute phase=started attempt=0 timeout_s=18000 cmd_env={'AGENT_DEVICE': 'mps', 'AGENT_BATCH_SIZE': '64', 'AGENT_NUM_WORKERS': '8', 'AGENT_EPOCHS': '10', 'AGENT_PROCESSED_DIR': '/Users/max/Documents/Master/Courses/Advanced Predictive Analytics/Group Work/advanced-topics-in-predictive-analytics-group/data/processed/mels', 'AGENT_CHECKPOINT_OUT': '/Users/max/Documents/Master/Courses/Advanced Predictive Analytics/Group Work/advanced-topics-in-predictive-analytics-group/sandbox/study_20260506_213404_wkai/exp_0004/checkpoint.pt', 'AGENT_SEED': '42', 'AGENT_LR': '0.001', 'AGENT_LR_SCHEDULE': 'cosine', 'AGENT_WEIGHT_DECAY': '0.0001'}
2026-05-07T02:38:42.538209+00:00 [INFO] execute phase=finished attempt=0 succeeded=True error_type=None duration_s=4480.185386749974
2026-05-07T02:38:47.094510+00:00 [INFO] experiment_end id=exp_0004 succeeded=True score=0.5436622193377458
2026-05-07T02:38:48.172759+00:00 [INFO] study_end status=COMPLETED
