2026-05-12T05:54:51.199311+00:00 [INFO] study_start task=track_b
2026-05-12T05:54:51.200705+00:00 [INFO] experiment_start index=0 id=exp_0000
2026-05-12T05:55:05.102223+00:00 [INFO] validate attempt=0 ok=False error_type=SmokeFailed
2026-05-12T05:55:18.151889+00:00 [INFO] validate attempt=1 ok=True error_type=None
2026-05-12T05:55:18.152703+00:00 [INFO] execute phase=started attempt=0 timeout_s=180000 cmd_env={'AGENT_DEVICE': 'mps', 'AGENT_BATCH_SIZE': '256', 'AGENT_NUM_WORKERS': '8', 'AGENT_EPOCHS': '5', 'AGENT_PROCESSED_DIR': '/Users/max/Documents/Master/Courses/Advanced Predictive Analytics/Group Work/advanced-topics-in-predictive-analytics-group/data/processed/mels', 'AGENT_CHECKPOINT_OUT': '/Users/max/Documents/Master/Courses/Advanced Predictive Analytics/Group Work/advanced-topics-in-predictive-analytics-group/sandbox/study_20260512_055451_axu9/exp_0000/checkpoint.pt', 'AGENT_SEED': '42', 'AGENT_LR': '0.001', 'AGENT_LR_SCHEDULE': 'cosine', 'AGENT_WEIGHT_DECAY': '0.0001'}
2026-05-12T06:36:28.818401+00:00 [INFO] execute phase=finished attempt=0 succeeded=True error_type=None duration_s=2470.5633370419964
2026-05-12T06:36:33.932875+00:00 [INFO] experiment_end id=exp_0000 succeeded=True score=0.9876503336889852
2026-05-12T06:36:33.934824+00:00 [INFO] experiment_start index=1 id=exp_0001
2026-05-12T06:36:44.377677+00:00 [INFO] validate attempt=0 ok=False error_type=SmokeFailed
2026-05-12T06:36:58.316134+00:00 [INFO] validate attempt=1 ok=True error_type=None
2026-05-12T06:36:58.317153+00:00 [INFO] execute phase=started attempt=0 timeout_s=180000 cmd_env={'AGENT_DEVICE': 'mps', 'AGENT_BATCH_SIZE': '256', 'AGENT_NUM_WORKERS': '8', 'AGENT_EPOCHS': '5', 'AGENT_PROCESSED_DIR': '/Users/max/Documents/Master/Courses/Advanced Predictive Analytics/Group Work/advanced-topics-in-predictive-analytics-group/data/processed/mels', 'AGENT_CHECKPOINT_OUT': '/Users/max/Documents/Master/Courses/Advanced Predictive Analytics/Group Work/advanced-topics-in-predictive-analytics-group/sandbox/study_20260512_055451_axu9/exp_0001/checkpoint.pt', 'AGENT_SEED': '42', 'AGENT_LR': '0.001', 'AGENT_LR_SCHEDULE': 'cosine', 'AGENT_WEIGHT_DECAY': '0.0001'}
2026-05-12T07:17:59.288780+00:00 [INFO] execute phase=finished attempt=0 succeeded=True error_type=None duration_s=2460.876113083097
2026-05-12T07:18:04.768998+00:00 [INFO] experiment_end id=exp_0001 succeeded=True score=0.9911139220648222
2026-05-12T07:18:04.771475+00:00 [INFO] experiment_start index=2 id=exp_0002
2026-05-12T07:18:07.667991+00:00 [INFO] execute phase=started attempt=0 timeout_s=180000 cmd_env={'AGENT_DEVICE': 'mps', 'AGENT_BATCH_SIZE': '256', 'AGENT_NUM_WORKERS': '8', 'AGENT_EPOCHS': '5', 'AGENT_PROCESSED_DIR': '/Users/max/Documents/Master/Courses/Advanced Predictive Analytics/Group Work/advanced-topics-in-predictive-analytics-group/data/processed/mels', 'AGENT_CHECKPOINT_OUT': '/Users/max/Documents/Master/Courses/Advanced Predictive Analytics/Group Work/advanced-topics-in-predictive-analytics-group/sandbox/study_20260512_055451_axu9/exp_0002/checkpoint.pt', 'AGENT_SEED': '42', 'AGENT_LR': '0.001', 'AGENT_LR_SCHEDULE': 'cosine', 'AGENT_WEIGHT_DECAY': '0.0001', 'AGENT_CHECKPOINT_IN': '/Users/max/Documents/Master/Courses/Advanced Predictive Analytics/Group Work/advanced-topics-in-predictive-analytics-group/sandbox/study_20260512_055451_axu9/exp_0000/checkpoint.pt'}
2026-05-12T07:59:17.126416+00:00 [INFO] execute phase=finished attempt=0 succeeded=True error_type=None duration_s=2469.4970153340837
2026-05-12T07:59:23.096593+00:00 [INFO] experiment_end id=exp_0002 succeeded=True score=0.9957527857601592
2026-05-12T07:59:23.099647+00:00 [INFO] experiment_start index=3 id=exp_0003
2026-05-12T07:59:26.123086+00:00 [INFO] execute phase=started attempt=0 timeout_s=180000 cmd_env={'AGENT_DEVICE': 'mps', 'AGENT_BATCH_SIZE': '256', 'AGENT_NUM_WORKERS': '8', 'AGENT_EPOCHS': '5', 'AGENT_PROCESSED_DIR': '/Users/max/Documents/Master/Courses/Advanced Predictive Analytics/Group Work/advanced-topics-in-predictive-analytics-group/data/processed/mels', 'AGENT_CHECKPOINT_OUT': '/Users/max/Documents/Master/Courses/Advanced Predictive Analytics/Group Work/advanced-topics-in-predictive-analytics-group/sandbox/study_20260512_055451_axu9/exp_0003/checkpoint.pt', 'AGENT_SEED': '42', 'AGENT_LR': '0.001', 'AGENT_LR_SCHEDULE': 'cosine', 'AGENT_WEIGHT_DECAY': '0.0001', 'AGENT_CHECKPOINT_IN': '/Users/max/Documents/Master/Courses/Advanced Predictive Analytics/Group Work/advanced-topics-in-predictive-analytics-group/sandbox/study_20260512_055451_axu9/exp_0002/checkpoint.pt'}
2026-05-12T09:47:31.014302+00:00 [INFO] execute phase=finished attempt=0 succeeded=True error_type=None duration_s=5064.362851416925
2026-05-12T09:47:37.148909+00:00 [INFO] experiment_end id=exp_0003 succeeded=True score=0.9971503886219514
2026-05-12T09:47:38.465500+00:00 [INFO] study_end status=ABORTED
