2026-05-07T20:04:49.943999+00:00 [INFO] study_start task=track_b
2026-05-07T20:04:49.945202+00:00 [INFO] experiment_start index=0 id=exp_0000
2026-05-07T20:04:56.384758+00:00 [INFO] execute phase=started attempt=0 timeout_s=180000 cmd_env={'AGENT_DEVICE': 'mps', 'AGENT_BATCH_SIZE': '128', 'AGENT_NUM_WORKERS': '8', 'AGENT_EPOCHS': '10', 'AGENT_PROCESSED_DIR': '/Users/max/Documents/Master/Courses/Advanced Predictive Analytics/Group Work/advanced-topics-in-predictive-analytics-group/data/processed/mels', 'AGENT_CHECKPOINT_OUT': '/Users/max/Documents/Master/Courses/Advanced Predictive Analytics/Group Work/advanced-topics-in-predictive-analytics-group/sandbox/study_20260507_200449_kzu4/exp_0000/checkpoint.pt', 'AGENT_SEED': '42', 'AGENT_LR': '0.001', 'AGENT_LR_SCHEDULE': 'cosine', 'AGENT_WEIGHT_DECAY': '0.0001', 'AGENT_CHECKPOINT_IN': '/Users/max/Documents/Master/Courses/Advanced Predictive Analytics/Group Work/advanced-topics-in-predictive-analytics-group/sandbox/study_20260506_151144_4n80/exp_0002/checkpoint.pt'}
2026-05-07T22:06:15.040050+00:00 [INFO] execute phase=finished attempt=0 succeeded=True error_type=None duration_s=7278.600613207964
2026-05-07T22:06:20.784761+00:00 [INFO] experiment_end id=exp_0000 succeeded=True score=0.9972587007479371
2026-05-07T22:06:20.786756+00:00 [INFO] experiment_start index=1 id=exp_0001
2026-05-07T22:06:23.255156+00:00 [INFO] execute phase=started attempt=0 timeout_s=180000 cmd_env={'AGENT_DEVICE': 'mps', 'AGENT_BATCH_SIZE': '128', 'AGENT_NUM_WORKERS': '8', 'AGENT_EPOCHS': '15', 'AGENT_PROCESSED_DIR': '/Users/max/Documents/Master/Courses/Advanced Predictive Analytics/Group Work/advanced-topics-in-predictive-analytics-group/data/processed/mels', 'AGENT_CHECKPOINT_OUT': '/Users/max/Documents/Master/Courses/Advanced Predictive Analytics/Group Work/advanced-topics-in-predictive-analytics-group/sandbox/study_20260507_200449_kzu4/exp_0001/checkpoint.pt', 'AGENT_SEED': '42', 'AGENT_LR': '0.001', 'AGENT_LR_SCHEDULE': 'cosine', 'AGENT_WEIGHT_DECAY': '0.0001', 'AGENT_CHECKPOINT_IN': '/Users/max/Documents/Master/Courses/Advanced Predictive Analytics/Group Work/advanced-topics-in-predictive-analytics-group/sandbox/study_20260507_200449_kzu4/exp_0000/checkpoint.pt'}
2026-05-08T01:02:47.954981+00:00 [INFO] execute phase=finished attempt=0 succeeded=True error_type=None duration_s=10584.635409999988
2026-05-08T01:02:53.771102+00:00 [INFO] experiment_end id=exp_0001 succeeded=True score=0.9979760207549011
2026-05-08T01:02:53.773986+00:00 [INFO] experiment_start index=2 id=exp_0002
2026-05-08T01:02:56.286721+00:00 [INFO] execute phase=started attempt=0 timeout_s=180000 cmd_env={'AGENT_DEVICE': 'mps', 'AGENT_BATCH_SIZE': '128', 'AGENT_NUM_WORKERS': '8', 'AGENT_EPOCHS': '10', 'AGENT_PROCESSED_DIR': '/Users/max/Documents/Master/Courses/Advanced Predictive Analytics/Group Work/advanced-topics-in-predictive-analytics-group/data/processed/mels', 'AGENT_CHECKPOINT_OUT': '/Users/max/Documents/Master/Courses/Advanced Predictive Analytics/Group Work/advanced-topics-in-predictive-analytics-group/sandbox/study_20260507_200449_kzu4/exp_0002/checkpoint.pt', 'AGENT_SEED': '42', 'AGENT_LR': '0.001', 'AGENT_LR_SCHEDULE': 'cosine', 'AGENT_WEIGHT_DECAY': '0.0001', 'AGENT_CHECKPOINT_IN': '/Users/max/Documents/Master/Courses/Advanced Predictive Analytics/Group Work/advanced-topics-in-predictive-analytics-group/sandbox/study_20260507_200449_kzu4/exp_0001/checkpoint.pt'}
2026-05-08T03:00:18.508131+00:00 [INFO] execute phase=finished attempt=0 succeeded=True error_type=None duration_s=7042.180235041014
2026-05-08T03:00:24.319469+00:00 [INFO] experiment_end id=exp_0002 succeeded=True score=0.9980180270499525
2026-05-08T03:00:24.321523+00:00 [INFO] experiment_start index=3 id=exp_0003
2026-05-08T03:00:26.861238+00:00 [INFO] execute phase=started attempt=0 timeout_s=180000 cmd_env={'AGENT_DEVICE': 'mps', 'AGENT_BATCH_SIZE': '128', 'AGENT_NUM_WORKERS': '8', 'AGENT_EPOCHS': '10', 'AGENT_PROCESSED_DIR': '/Users/max/Documents/Master/Courses/Advanced Predictive Analytics/Group Work/advanced-topics-in-predictive-analytics-group/data/processed/mels', 'AGENT_CHECKPOINT_OUT': '/Users/max/Documents/Master/Courses/Advanced Predictive Analytics/Group Work/advanced-topics-in-predictive-analytics-group/sandbox/study_20260507_200449_kzu4/exp_0003/checkpoint.pt', 'AGENT_SEED': '42', 'AGENT_LR': '0.001', 'AGENT_LR_SCHEDULE': 'cosine', 'AGENT_WEIGHT_DECAY': '0.0001', 'AGENT_CHECKPOINT_IN': '/Users/max/Documents/Master/Courses/Advanced Predictive Analytics/Group Work/advanced-topics-in-predictive-analytics-group/sandbox/study_20260507_200449_kzu4/exp_0002/checkpoint.pt'}
2026-05-08T04:57:30.904724+00:00 [INFO] execute phase=finished attempt=0 succeeded=True error_type=None duration_s=7024.011758457986
2026-05-08T04:57:36.836043+00:00 [INFO] experiment_end id=exp_0003 succeeded=True score=0.997922705868685
2026-05-08T04:57:36.838862+00:00 [INFO] experiment_start index=4 id=exp_0004
2026-05-08T04:57:39.671623+00:00 [INFO] execute phase=started attempt=0 timeout_s=180000 cmd_env={'AGENT_DEVICE': 'mps', 'AGENT_BATCH_SIZE': '128', 'AGENT_NUM_WORKERS': '8', 'AGENT_EPOCHS': '10', 'AGENT_PROCESSED_DIR': '/Users/max/Documents/Master/Courses/Advanced Predictive Analytics/Group Work/advanced-topics-in-predictive-analytics-group/data/processed/mels', 'AGENT_CHECKPOINT_OUT': '/Users/max/Documents/Master/Courses/Advanced Predictive Analytics/Group Work/advanced-topics-in-predictive-analytics-group/sandbox/study_20260507_200449_kzu4/exp_0004/checkpoint.pt', 'AGENT_SEED': '42', 'AGENT_LR': '0.001', 'AGENT_LR_SCHEDULE': 'cosine', 'AGENT_WEIGHT_DECAY': '0.0001', 'AGENT_CHECKPOINT_IN': '/Users/max/Documents/Master/Courses/Advanced Predictive Analytics/Group Work/advanced-topics-in-predictive-analytics-group/sandbox/study_20260507_200449_kzu4/exp_0002/checkpoint.pt'}
2026-05-08T05:42:11.424805+00:00 [INFO] execute phase=finished attempt=0 succeeded=False error_type=Other duration_s=2671.710685875034
